
> daodao-rv-backend@1.0.0 test
> jest

node.exe : ts-jest[ts-jest-transformer] (WARN) Define `ts-jest` config under `globals` is deprecated. Please do
所在位置 行:1 字符: 1
+ & "C:\Program Files\nodejs/node.exe" "C:\Program Files\nodejs/node_mo ...
+ ~~~~~~~~~~~~~~~~~~~~~~~~~~~~~~~~~~~~~~~~~~~~~~~~~~~~~~~~~~~~~~~~~~~~~
    + CategoryInfo          : NotSpecified: (ts-jest[ts-jest...ated. Please do:String) [], RemoteException
    + FullyQualifiedErrorId : NativeCommandError
 
transform: {
    <transform_regex>: ['ts-jest', { /* ts-jest config goes here in Jest */ }],
},
See more at https://kulshekhar.github.io/ts-jest/docs/getting-started/presets#advanced
Mon, 27 Oct 2025 10:27:18 GMT koa deprecated Support for generators will be removed in v3. See the documentation for examples of how to convert old midd
leware https://github.com/koajs/koa/blob/master/docs/migration.md at src\app.ts:30:5
  console.log
    馃И 娴嬭瘯鐜鍒濆鍖?..

      at Object.<anonymous> (tests/setup.ts:52:11)

  console.log
    鉁?娴嬭瘯鏁版嵁搴撹繛鎺ュ凡寤虹珛

      at Object.<anonymous> (tests/setup.ts:57:13)

  console.log
    鉁?娴嬭瘯鏁版嵁搴撳凡娓呯悊

      at Object.<anonymous> (tests/setup.ts:62:11)

  console.log
    馃敡 娴嬭瘯鐜娓呯悊涓?..

      at Object.<anonymous> (tests/setup.ts:73:11)

  console.log
    鉁?娴嬭瘯鏁版嵁搴撳凡娓呯悊

      at Object.<anonymous> (tests/setup.ts:77:11)

  console.log
    鉁?娴嬭瘯鏁版嵁搴撹繛鎺ュ凡鍏抽棴

      at Object.<anonymous> (tests/setup.ts:81:13)

  console.log
    鉁?娴嬭瘯鐜娓呯悊瀹屾垚

      at Object.<anonymous> (tests/setup.ts:84:11)

FAIL tests/file-upload.test.ts (7.882 s)
  鈼?鏂囦欢涓婁紶 API 娴嬭瘯 鈥?POST /api/upload/image - 涓婁紶鍥剧墖 鈥?搴旇鎴愬姛涓婁紶鍥剧墖

    TypeORMError: Empty criteria(s) are not allowed for the delete method.

      at EntityManager.delete (src/entity-manager/EntityManager.ts:849:17)
      at Repository.delete (src/repository/Repository.ts:420:35)
      at Object.<anonymous> (tests/file-upload.test.ts:31:36)

  鈼?鏂囦欢涓婁紶 API 娴嬭瘯 鈥?POST /api/upload/image - 涓婁紶鍥剧墖 鈥?搴旇鎷掔粷鏈櫥褰曠殑涓婁紶璇锋眰

    TypeORMError: Empty criteria(s) are not allowed for the delete method.

      at EntityManager.delete (src/entity-manager/EntityManager.ts:849:17)
      at Repository.delete (src/repository/Repository.ts:420:35)
      at Object.<anonymous> (tests/file-upload.test.ts:31:36)

  鈼?鏂囦欢涓婁紶 API 娴嬭瘯 鈥?POST /api/upload/image - 涓婁紶鍥剧墖 鈥?搴旇鎷掔粷涓嶆敮鎸佺殑鏂囦欢绫诲瀷

    TypeORMError: Empty criteria(s) are not allowed for the delete method.

      at EntityManager.delete (src/entity-manager/EntityManager.ts:849:17)
      at Repository.delete (src/repository/Repository.ts:420:35)
      at Object.<anonymous> (tests/file-upload.test.ts:31:36)

  鈼?鏂囦欢涓婁紶 API 娴嬭瘯 鈥?POST /api/upload/avatar - 涓婁紶澶村儚 鈥?搴旇鎴愬姛涓婁紶澶村儚锛堣嚜鍔ㄨ鍓級

    TypeORMError: Empty criteria(s) are not allowed for the delete method.

      at EntityManager.delete (src/entity-manager/EntityManager.ts:849:17)
      at Repository.delete (src/repository/Repository.ts:420:35)
      at Object.<anonymous> (tests/file-upload.test.ts:31:36)

  鈼?鏂囦欢涓婁紶 API 娴嬭瘯 鈥?POST /api/upload/idcard - 涓婁紶韬唤璇?鈥?搴旇鎴愬姛涓婁紶韬唤璇佹闈?
    TypeORMError: Empty criteria(s) are not allowed for the delete method.

      at EntityManager.delete (src/entity-manager/EntityManager.ts:849:17)
      at Repository.delete (src/repository/Repository.ts:420:35)
      at Object.<anonymous> (tests/file-upload.test.ts:31:36)

  鈼?鏂囦欢涓婁紶 API 娴嬭瘯 鈥?POST /api/upload/idcard - 涓婁紶韬唤璇?鈥?搴旇鎴愬姛涓婁紶韬唤璇佽儗闈?
    TypeORMError: Empty criteria(s) are not allowed for the delete method.

      at EntityManager.delete (src/entity-manager/EntityManager.ts:849:17)
      at Repository.delete (src/repository/Repository.ts:420:35)
      at Object.<anonymous> (tests/file-upload.test.ts:31:36)

  鈼?鏂囦欢涓婁紶 API 娴嬭瘯 鈥?POST /api/upload/license - 涓婁紶椹鹃┒璇?鈥?搴旇鎴愬姛涓婁紶椹鹃┒璇?
    TypeORMError: Empty criteria(s) are not allowed for the delete method.

      at EntityManager.delete (src/entity-manager/EntityManager.ts:849:17)
      at Repository.delete (src/repository/Repository.ts:420:35)
      at Object.<anonymous> (tests/file-upload.test.ts:31:36)

  鈼?鏂囦欢涓婁紶 API 娴嬭瘯 鈥?GET /api/upload/my-files - 鑾峰彇鎴戠殑鏂囦欢鍒楄〃 鈥?搴旇杩斿洖褰撳墠鐢ㄦ埛鐨勬枃浠跺垪琛?
    TypeORMError: Empty criteria(s) are not allowed for the delete method.

      at EntityManager.delete (src/entity-manager/EntityManager.ts:849:17)
      at Repository.delete (src/repository/Repository.ts:420:35)
      at Object.<anonymous> (tests/file-upload.test.ts:31:36)

  鈼?鏂囦欢涓婁紶 API 娴嬭瘯 鈥?GET /api/upload/my-files - 鑾峰彇鎴戠殑鏂囦欢鍒楄〃 鈥?搴旇鏀寔涓氬姟绫诲瀷绛涢€?
    TypeORMError: Empty criteria(s) are not allowed for the delete method.

      at EntityManager.delete (src/entity-manager/EntityManager.ts:849:17)
      at Repository.delete (src/repository/Repository.ts:420:35)
      at Object.<anonymous> (tests/file-upload.test.ts:31:36)

  鈼?鏂囦欢涓婁紶 API 娴嬭瘯 鈥?DELETE /api/upload/:fileId - 鍒犻櫎鏂囦欢 鈥?搴旇杩斿洖 404 濡傛灉鏂囦欢涓嶅瓨鍦?
    TypeORMError: Empty criteria(s) are not allowed for the delete method.

      at EntityManager.delete (src/entity-manager/EntityManager.ts:849:17)
      at Repository.delete (src/repository/Repository.ts:420:35)
      at Object.<anonymous> (tests/file-upload.test.ts:31:36)

  鈼?鏂囦欢涓婁紶 API 娴嬭瘯 鈥?DELETE /api/upload/:fileId - 鍒犻櫎鏂囦欢 鈥?搴旇鎷掔粷鍒犻櫎鍏朵粬鐢ㄦ埛鐨勬枃浠?
    TypeORMError: Empty criteria(s) are not allowed for the delete method.

      at EntityManager.delete (src/entity-manager/EntityManager.ts:849:17)
      at Repository.delete (src/repository/Repository.ts:420:35)
      at Object.<anonymous> (tests/file-upload.test.ts:31:36)

  鈼?鏂囦欢涓婁紶 API 娴嬭瘯 鈥?绠＄悊鍛樹笓鐢ㄦ帴鍙?鈥?POST /api/admin/upload/batch - 鎵归噺涓婁紶 鈥?搴旇鍏佽绠＄悊鍛樻壒閲忎笂浼犳枃浠?
    TypeORMError: Empty criteria(s) are not allowed for the delete method.

      at EntityManager.delete (src/entity-manager/EntityManager.ts:849:17)
      at Repository.delete (src/repository/Repository.ts:420:35)
      at Object.<anonymous> (tests/file-upload.test.ts:31:36)

  鈼?鏂囦欢涓婁紶 API 娴嬭瘯 鈥?绠＄悊鍛樹笓鐢ㄦ帴鍙?鈥?POST /api/admin/upload/batch - 鎵归噺涓婁紶 鈥?搴旇鎷掔粷闈炵鐞嗗憳璁块棶

    TypeORMError: Empty criteria(s) are not allowed for the delete method.

      at EntityManager.delete (src/entity-manager/EntityManager.ts:849:17)
      at Repository.delete (src/repository/Repository.ts:420:35)
      at Object.<anonymous> (tests/file-upload.test.ts:31:36)

  鈼?鏂囦欢涓婁紶 API 娴嬭瘯 鈥?绠＄悊鍛樹笓鐢ㄦ帴鍙?鈥?GET /api/admin/upload/files - 鑾峰彇鎵€鏈夋枃浠跺垪琛?鈥?搴旇杩斿洖鎵€鏈夋枃浠跺垪琛紙绠＄悊鍛橈級

    TypeORMError: Empty criteria(s) are not allowed for the delete method.

      at EntityManager.delete (src/entity-manager/EntityManager.ts:849:17)
      at Repository.delete (src/repository/Repository.ts:420:35)
      at Object.<anonymous> (tests/file-upload.test.ts:31:36)

  鈼?鏂囦欢涓婁紶 API 娴嬭瘯 鈥?绠＄悊鍛樹笓鐢ㄦ帴鍙?鈥?GET /api/admin/upload/files - 鑾峰彇鎵€鏈夋枃浠跺垪琛?鈥?搴旇鎷掔粷闈炵鐞嗗憳璁块棶

    TypeORMError: Empty criteria(s) are not allowed for the delete method.

      at EntityManager.delete (src/entity-manager/EntityManager.ts:849:17)
      at Repository.delete (src/repository/Repository.ts:420:35)
      at Object.<anonymous> (tests/file-upload.test.ts:31:36)

  鈼?鏂囦欢涓婁紶 API 娴嬭瘯 鈥?绠＄悊鍛樹笓鐢ㄦ帴鍙?鈥?GET /api/admin/upload/files - 鑾峰彇鎵€鏈夋枃浠跺垪琛?鈥?搴旇鏀寔澶氭潯浠剁瓫閫?
    TypeORMError: Empty criteria(s) are not allowed for the delete method.

      at EntityManager.delete (src/entity-manager/EntityManager.ts:849:17)
      at Repository.delete (src/repository/Repository.ts:420:35)
      at Object.<anonymous> (tests/file-upload.test.ts:31:36)

  鈼?鏂囦欢涓婁紶 API 娴嬭瘯 鈥?绠＄悊鍛樹笓鐢ㄦ帴鍙?鈥?GET /api/admin/upload/stats - 涓婁紶缁熻 鈥?搴旇杩斿洖鏂囦欢缁熻淇℃伅

    TypeORMError: Empty criteria(s) are not allowed for the delete method.

      at EntityManager.delete (src/entity-manager/EntityManager.ts:849:17)
      at Repository.delete (src/repository/Repository.ts:420:35)
      at Object.<anonymous> (tests/file-upload.test.ts:31:36)

  鈼?鏂囦欢涓婁紶 API 娴嬭瘯 鈥?绠＄悊鍛樹笓鐢ㄦ帴鍙?鈥?GET /api/admin/upload/stats - 涓婁紶缁熻 鈥?搴旇鎷掔粷闈炵鐞嗗憳璁块棶

    TypeORMError: Empty criteria(s) are not allowed for the delete method.

      at EntityManager.delete (src/entity-manager/EntityManager.ts:849:17)
      at Repository.delete (src/repository/Repository.ts:420:35)
      at Object.<anonymous> (tests/file-upload.test.ts:31:36)

  鈼?鏂囦欢涓婁紶 API 娴嬭瘯 鈥?绠＄悊鍛樹笓鐢ㄦ帴鍙?鈥?DELETE /api/admin/upload/:fileId - 鍒犻櫎浠绘剰鏂囦欢 鈥?搴旇鍏佽绠＄悊鍛樺垹闄や换鎰忔枃浠?
    TypeORMError: Empty criteria(s) are not allowed for the delete method.

      at EntityManager.delete (src/entity-manager/EntityManager.ts:849:17)
      at Repository.delete (src/repository/Repository.ts:420:35)
      at Object.<anonymous> (tests/file-upload.test.ts:31:36)

  鈼?鏂囦欢涓婁紶 API 娴嬭瘯 鈥?绠＄悊鍛樹笓鐢ㄦ帴鍙?鈥?DELETE /api/admin/upload/:fileId - 鍒犻櫎浠绘剰鏂囦欢 鈥?搴旇鎷掔粷闈炵鐞嗗憳璁块棶

    TypeORMError: Empty criteria(s) are not allowed for the delete method.

      at EntityManager.delete (src/entity-manager/EntityManager.ts:849:17)
      at Repository.delete (src/repository/Repository.ts:420:35)
      at Object.<anonymous> (tests/file-upload.test.ts:31:36)

  鈼?鏂囦欢涓婁紶 API 娴嬭瘯 鈥?绠＄悊鍛樹笓鐢ㄦ帴鍙?鈥?POST /api/admin/upload/clean - 娓呯悊鏈娇鐢ㄦ枃浠?鈥?搴旇娓呯悊瓒呰繃鎸囧畾澶╂暟鐨勬湭浣跨敤鏂囦欢

    TypeORMError: Empty criteria(s) are not allowed for the delete method.

      at EntityManager.delete (src/entity-manager/EntityManager.ts:849:17)
      at Repository.delete (src/repository/Repository.ts:420:35)
      at Object.<anonymous> (tests/file-upload.test.ts:31:36)

  鈼?鏂囦欢涓婁紶 API 娴嬭瘯 鈥?绠＄悊鍛樹笓鐢ㄦ帴鍙?鈥?POST /api/admin/upload/clean - 娓呯悊鏈娇鐢ㄦ枃浠?鈥?搴旇鎷掔粷闈炵鐞嗗憳璁块棶

    TypeORMError: Empty criteria(s) are not allowed for the delete method.

      at EntityManager.delete (src/entity-manager/EntityManager.ts:849:17)
      at Repository.delete (src/repository/Repository.ts:420:35)
      at Object.<anonymous> (tests/file-upload.test.ts:31:36)

  鈼?鏂囦欢涓婁紶 API 娴嬭瘯 鈥?绠＄悊鍛樹笓鐢ㄦ帴鍙?鈥?POST /api/admin/upload/clean - 娓呯悊鏈娇鐢ㄦ枃浠?鈥?搴旇浣跨敤榛樿澶╂暟锛?0澶╋級

    TypeORMError: Empty criteria(s) are not allowed for the delete method.

      at EntityManager.delete (src/entity-manager/EntityManager.ts:849:17)
      at Repository.delete (src/repository/Repository.ts:420:35)
      at Object.<anonymous> (tests/file-upload.test.ts:31:36)

  鈼?鏂囦欢涓婁紶 API 娴嬭瘯 鈥?閿欒澶勭悊 鈥?搴旇澶勭悊缂哄皯鏂囦欢鐨勮姹?
    TypeORMError: Empty criteria(s) are not allowed for the delete method.

      at EntityManager.delete (src/entity-manager/EntityManager.ts:849:17)
      at Repository.delete (src/repository/Repository.ts:420:35)
      at Object.<anonymous> (tests/file-upload.test.ts:31:36)

  鈼?鏂囦欢涓婁紶 API 娴嬭瘯 鈥?閿欒澶勭悊 鈥?搴旇澶勭悊鏃犳晥鐨勪笟鍔＄被鍨?
    TypeORMError: Empty criteria(s) are not allowed for the delete method.

      at EntityManager.delete (src/entity-manager/EntityManager.ts:849:17)
      at Repository.delete (src/repository/Repository.ts:420:35)
      at Object.<anonymous> (tests/file-upload.test.ts:31:36)

  鈼?鏂囦欢涓婁紶 API 娴嬭瘯 鈥?閿欒澶勭悊 鈥?搴旇澶勭悊鏂囦欢杩囧ぇ

    TypeORMError: Empty criteria(s) are not allowed for the delete method.

      at EntityManager.delete (src/entity-manager/EntityManager.ts:849:17)
      at Repository.delete (src/repository/Repository.ts:420:35)
      at Object.<anonymous> (tests/file-upload.test.ts:31:36)


  鈼?Test suite failed to run

    TypeORMError: Empty criteria(s) are not allowed for the delete method.

      at EntityManager.delete (src/entity-manager/EntityManager.ts:849:17)
      at Repository.delete (src/repository/Repository.ts:420:35)
      at Object.<anonymous> (tests/file-upload.test.ts:70:36)

Mon, 27 Oct 2025 10:27:22 GMT koa deprecated Support for generators will be removed in v3. See the documentation for examples of how to convert old midd
leware https://github.com/koajs/koa/blob/master/docs/migration.md at src\app.ts:30:5
  console.log
    馃И 娴嬭瘯鐜鍒濆鍖?..

      at Object.<anonymous> (tests/setup.ts:52:11)

  console.log
    鉁?娴嬭瘯鏁版嵁搴撹繛鎺ュ凡寤虹珛

      at Object.<anonymous> (tests/setup.ts:57:13)

  console.log
    鉁?娴嬭瘯鏁版嵁搴撳凡娓呯悊

      at Object.<anonymous> (tests/setup.ts:62:11)

2025-10-27 18:27:24 [[32MINFO[39M]: 鐢ㄦ埛鐧诲綍璇锋眰: 13800000000
2025-10-27 18:27:24 [[33MWARN[39M]: 鐧诲綍澶辫触: 鐢ㄦ埛涓嶅瓨鍦?- 13800000000
2025-10-27 18:27:24 [[31MERROR[39M]: 鐢ㄦ埛鐧诲綍澶辫触: 13800000000 鐢ㄦ埛涓嶅瓨鍦?Error: 鐢ㄦ埛涓嶅瓨鍦?    at AuthService.login (D:\daodao\daodaorv01\backend\src\services\auth.service.ts:118:15)
    at processTicksAndRejections (node:internal/process/task_queues:105:5)
    at AuthController.login (D:\daodao\daodaorv01\backend\src\controllers\auth.controller.ts:56:22)
2025-10-27 18:27:24 [[33MWARN[39M]: POST /api/auth/login - 404 - 31ms
2025-10-27 18:27:24 [[32MINFO[39M]: 鐢ㄦ埛娉ㄥ唽璇锋眰: 13800000000
2025-10-27 18:27:24 [[32MINFO[39M]: 鐢ㄦ埛娉ㄥ唽鎴愬姛: f8c43f44-ff5f-4660-83b2-655edd304699 - 13800000000
2025-10-27 18:27:24 [[32MINFO[39M]: POST /api/auth/register - 200 - 118ms
2025-10-27 18:27:24 [[32MINFO[39M]: 鐢ㄦ埛娉ㄥ唽璇锋眰: 13860844572
2025-10-27 18:27:24 [[32MINFO[39M]: 鐢ㄦ埛娉ㄥ唽鎴愬姛: d84b49e0-973a-4854-97fb-b26add617e14 - 13860844572
2025-10-27 18:27:24 [[32MINFO[39M]: POST /api/auth/register - 200 - 88ms
2025-10-27 18:27:24 [[32MINFO[39M]: Creating vehicle model
2025-10-27 18:27:24 [[32MINFO[39M]: Vehicle model created successfully
2025-10-27 18:27:24 [[32MINFO[39M]: POST /api/admin/vehicle-models - 200 - 18ms
2025-10-27 18:27:24 [[32MINFO[39M]: Creating vehicle
2025-10-27 18:27:24 [[32MINFO[39M]: Vehicle created successfully
2025-10-27 18:27:24 [[32MINFO[39M]: POST /api/admin/vehicles - 200 - 22ms
2025-10-27 18:27:24 [[32MINFO[39M]: 璁㈠崟鍒涘缓鎴愬姛: ORD20251027865938 - 鐢ㄦ埛: d84b49e0-973a-4854-97fb-b26add617e14
2025-10-27 18:27:24 [[32MINFO[39M]: POST /api/orders - 200 - 36ms
2025-10-27 18:27:24 [[33MWARN[39M]: POST /api/orders - 401 - 0ms
2025-10-27 18:27:24 [[33MWARN[39M]: POST /api/orders - 400 - 1ms
2025-10-27 18:27:24 [[31MERROR[39M]: Failed to create order: 杞﹁締涓嶅瓨鍦?Error: 杞﹁締涓嶅瓨鍦?    at OrderService.createOrder (D:\daodao\daodaorv01\backend\src\services\order.service.ts:76:13)
    at processTicksAndRejections (node:internal/process/task_queues:105:5)
    at OrderController.createOrder (D:\daodao\daodaorv01\backend\src\controllers\order.controller.ts:37:21)
    at authMiddleware (D:\daodao\daodaorv01\backend\src\middlewares\auth.ts:50:5)
2025-10-27 18:27:24 [[33MWARN[39M]: POST /api/orders - 404 - 10ms
2025-10-27 18:27:24 [[31MERROR[39M]: Failed to create order: 寮€濮嬫棩鏈熶笉鑳芥棭浜庝粖澶?Error: 寮€濮嬫棩鏈熶笉鑳芥棭浜庝粖澶?    at OrderService.createOrder (D:\daodao\daodaorv01\backend\src\services\order.service.ts:90:13)
    at processTicksAndRejections (node:internal/process/task_queues:105:5)
    at OrderController.createOrder (D:\daodao\daodaorv01\backend\src\controllers\order.controller.ts:37:21)
    at authMiddleware (D:\daodao\daodaorv01\backend\src\middlewares\auth.ts:50:5)
2025-10-27 18:27:24 [[33MWARN[39M]: POST /api/orders - 400 - 6ms
2025-10-27 18:27:24 [[31MERROR[39M]: Failed to create order: 缁撴潫鏃ユ湡蹇呴』鏅氫簬寮€濮嬫棩鏈?Error: 缁撴潫鏃ユ湡蹇呴』鏅氫簬寮€濮嬫棩鏈?    at OrderService.createOrder (D:\daodao\daodaorv01\backend\src\services\order.service.ts:93:13)
    at processTicksAndRejections (node:internal/process/task_queues:105:5)
    at OrderController.createOrder (D:\daodao\daodaorv01\backend\src\controllers\order.controller.ts:37:21)
    at authMiddleware (D:\daodao\daodaorv01\backend\src\middlewares\auth.ts:50:5)
2025-10-27 18:27:24 [[33MWARN[39M]: POST /api/orders - 400 - 8ms
2025-10-27 18:27:24 [[32MINFO[39M]: GET /api/orders - 200 - 11ms
2025-10-27 18:27:24 [[32MINFO[39M]: GET /api/orders?status=pending - 200 - 10ms
2025-10-27 18:27:24 [[33MWARN[39M]: GET /api/orders - 401 - 0ms
2025-10-27 18:27:24 [[32MINFO[39M]: GET /api/orders/ebd3c44b-cab9-429d-8515-871fdd69e1c3 - 200 - 11ms
2025-10-27 18:27:24 [[33MWARN[39M]: GET /api/orders/ebd3c44b-cab9-429d-8515-871fdd69e1c3 - 401 - 1ms
2025-10-27 18:27:24 [[33MWARN[39M]: GET /api/orders/ebd3c44b-cab9-429d-8515-871fdd69e1c3 - 401 - 0ms
2025-10-27 18:27:24 [[32MINFO[39M]: 璁㈠崟鍙栨秷: ORD20251027865938 - 鐢ㄦ埛: d84b49e0-973a-4854-97fb-b26add617e14
2025-10-27 18:27:24 [[32MINFO[39M]: POST /api/orders/ebd3c44b-cab9-429d-8515-871fdd69e1c3/cancel - 200 - 28ms
2025-10-27 18:27:24 [[33MWARN[39M]: POST /api/orders/ebd3c44b-cab9-429d-8515-871fdd69e1c3/cancel - 401 - 0ms
2025-10-27 18:27:24 [[31MERROR[39M]: Failed to cancel order: 褰撳墠璁㈠崟鐘舵€佷笉鍙彇娑?Error: 褰撳墠璁㈠崟鐘舵€佷笉鍙彇娑?    at OrderService.cancelOrder (D:\daodao\daodaorv01\backend\src\services\order.service.ts:330:13)
    at processTicksAndRejections (node:internal/process/task_queues:105:5)
    at OrderController.cancelOrder (D:\daodao\daodaorv01\backend\src\controllers\order.controller.ts:132:21)
    at authMiddleware (D:\daodao\daodaorv01\backend\src\middlewares\auth.ts:50:5)
2025-10-27 18:27:24 [[33MWARN[39M]: POST /api/orders/ebd3c44b-cab9-429d-8515-871fdd69e1c3/cancel - 400 - 6ms
2025-10-27 18:27:24 [[32MINFO[39M]: 璁㈠崟鍒涘缓鎴愬姛: ORD20251027071707 - 鐢ㄦ埛: d84b49e0-973a-4854-97fb-b26add617e14
2025-10-27 18:27:24 [[32MINFO[39M]: POST /api/orders - 200 - 31ms
2025-10-27 18:27:24 [[32MINFO[39M]: GET /api/admin/orders - 200 - 9ms
2025-10-27 18:27:24 [[32MINFO[39M]: GET /api/admin/orders?status=pending - 200 - 15ms
2025-10-27 18:27:24 [[33MWARN[39M]: GET /api/admin/orders - 403 - 2ms
2025-10-27 18:27:25 [[32MINFO[39M]: GET /api/admin/orders/6eaf8fc2-fb4a-44ff-a177-e087c4f14b56 - 200 - 11ms
2025-10-27 18:27:25 [[32MINFO[39M]: GET /api/admin/orders/6eaf8fc2-fb4a-44ff-a177-e087c4f14b56 - 200 - 8ms
2025-10-27 18:27:25 [[33MWARN[39M]: GET /api/admin/orders/6eaf8fc2-fb4a-44ff-a177-e087c4f14b56 - 403 - 2ms
2025-10-27 18:27:25 [[32MINFO[39M]: 璁㈠崟鐘舵€佹洿鏂? ORD20251027071707 paid -> paid
2025-10-27 18:27:25 [[32MINFO[39M]: PUT /api/admin/orders/6eaf8fc2-fb4a-44ff-a177-e087c4f14b56/status - 200 - 16ms
2025-10-27 18:27:25 [[32MINFO[39M]: 璁㈠崟鐘舵€佹洿鏂? ORD20251027071707 pickup -> pickup
2025-10-27 18:27:25 [[32MINFO[39M]: PUT /api/admin/orders/6eaf8fc2-fb4a-44ff-a177-e087c4f14b56/status - 200 - 29ms
2025-10-27 18:27:25 [[33MWARN[39M]: PUT /api/admin/orders/6eaf8fc2-fb4a-44ff-a177-e087c4f14b56/status - 400 - 3ms
2025-10-27 18:27:25 [[33MWARN[39M]: PUT /api/admin/orders/6eaf8fc2-fb4a-44ff-a177-e087c4f14b56/status - 403 - 4ms
2025-10-27 18:27:25 [[32MINFO[39M]: 璁㈠崟鍒涘缓鎴愬姛: ORD20251027589301 - 鐢ㄦ埛: d84b49e0-973a-4854-97fb-b26add617e14
2025-10-27 18:27:25 [[32MINFO[39M]: POST /api/orders - 200 - 40ms
2025-10-27 18:27:25 [[32MINFO[39M]: 璁㈠崟鐘舵€佹洿鏂? ORD20251027589301 paid -> paid
2025-10-27 18:27:25 [[32MINFO[39M]: PUT /api/admin/orders/fa097e9d-5324-468b-89ba-dfbae94556e7/status - 200 - 14ms
2025-10-27 18:27:25 [[32MINFO[39M]: 鍒涘缓閫€娆剧敵璇? 璁㈠崟ID=fa097e9d-5324-468b-89ba-dfbae94556e7, 鍘熷洜=娴嬭瘯閫€娆?
2025-10-27 18:27:25 [[31MERROR[39M]: 鍒涘缓閫€娆剧敵璇峰け璐? 鏀粯璁板綍涓嶅瓨鍦?
2025-10-27 18:27:25 [[32MINFO[39M]: 璁㈠崟鍙栨秷: ORD20251027589301 - 鐢ㄦ埛: d84b49e0-973a-4854-97fb-b26add617e14
2025-10-27 18:27:25 [[32MINFO[39M]: POST /api/orders/fa097e9d-5324-468b-89ba-dfbae94556e7/cancel - 200 - 23ms
2025-10-27 18:27:25 [[32MINFO[39M]: 璁㈠崟閫€娆? ORD20251027589301 - 閲戦: 500
2025-10-27 18:27:25 [[32MINFO[39M]: POST /api/admin/orders/fa097e9d-5324-468b-89ba-dfbae94556e7/refund - 200 - 15ms
2025-10-27 18:27:25 [[33MWARN[39M]: POST /api/admin/orders/fa097e9d-5324-468b-89ba-dfbae94556e7/refund - 400 - 2ms
2025-10-27 18:27:25 [[33MWARN[39M]: POST /api/admin/orders/fa097e9d-5324-468b-89ba-dfbae94556e7/refund - 403 - 3ms
  console.log
    馃敡 娴嬭瘯鐜娓呯悊涓?..

      at Object.<anonymous> (tests/setup.ts:73:11)

  console.log
    鉁?娴嬭瘯鏁版嵁搴撳凡娓呯悊

      at Object.<anonymous> (tests/setup.ts:77:11)

  console.log
    鉁?娴嬭瘯鏁版嵁搴撹繛鎺ュ凡鍏抽棴

      at Object.<anonymous> (tests/setup.ts:81:13)

  console.log
    鉁?娴嬭瘯鐜娓呯悊瀹屾垚

      at Object.<anonymous> (tests/setup.ts:84:11)

FAIL tests/order.test.ts
  璁㈠崟绠＄悊 API 娴嬭瘯
    鐢ㄦ埛绔鍗?API
      鈭?宸插彇娑堢殑璁㈠崟涓嶈兘鍐嶆鍙栨秷 (11 ms)
      POST /api/orders - 鍒涘缓璁㈠崟
        鈭?搴旇鎴愬姛鍒涘缓璁㈠崟 (43 ms)
        脳 鏈櫥褰曞簲璇ヨ繑鍥?401 閿欒 (6 ms)
        鈭?缂哄皯蹇呭～瀛楁搴旇杩斿洖 400 閿欒 (5 ms)
        鈭?杞﹁締涓嶅瓨鍦ㄥ簲璇ヨ繑鍥為敊璇?(16 ms)
        鈭?寮€濮嬫棩鏈熸棭浜庝粖澶╁簲璇ヨ繑鍥為敊璇?(10 ms)
        鈭?缁撴潫鏃ユ湡鏃╀簬寮€濮嬫棩鏈熷簲璇ヨ繑鍥為敊璇?(13 ms)
      GET /api/orders - 鑾峰彇鎴戠殑璁㈠崟鍒楄〃
        鈭?搴旇鎴愬姛鑾峰彇鎴戠殑璁㈠崟鍒楄〃 (16 ms)
        鈭?鍙互鎸夌姸鎬佺瓫閫夎鍗?(19 ms)
        脳 鏈櫥褰曞簲璇ヨ繑鍥?401 閿欒 (5 ms)
      GET /api/orders/:id - 鑾峰彇璁㈠崟璇︽儏
        鈭?搴旇鎴愬姛鑾峰彇璁㈠崟璇︽儏 (17 ms)
        脳 鏈櫥褰曞簲璇ヨ繑鍥?401 閿欒 (6 ms)
        鈭?璁块棶浠栦汉璁㈠崟搴旇杩斿洖 403 閿欒 (6 ms)
      POST /api/orders/:id/cancel - 鍙栨秷璁㈠崟
        鈭?搴旇鎴愬姛鍙栨秷璁㈠崟 (31 ms)
        脳 鏈櫥褰曞簲璇ヨ繑鍥?401 閿欒 (3 ms)
    绠＄悊绔鍗?API
      GET /api/admin/orders - 鑾峰彇鎵€鏈夎鍗曞垪琛?        鈭?搴旇鎴愬姛鑾峰彇鎵€鏈夎鍗曞垪琛?(13 ms)
        鈭?鍙互鎸夌姸鎬佺瓫閫夎鍗?(19 ms)
        脳 鏅€氱敤鎴蜂笉鑳借闂鐞嗙璁㈠崟鍒楄〃 (5 ms)
      GET /api/admin/orders/:id - 鑾峰彇璁㈠崟璇︽儏锛堢鐞嗙锛?        鈭?搴旇鎴愬姛鑾峰彇璁㈠崟璇︽儏 (14 ms)
        鈭?鏅€氱敤鎴蜂笉鑳借闂鐞嗙璁㈠崟璇︽儏 (13 ms)
        脳 鏅€氱敤鎴疯闂簲璇ヨ繑鍥?03 (5 ms)
      PUT /api/admin/orders/:id/status - 鏇存柊璁㈠崟鐘舵€?        鈭?搴旇鎴愬姛鏇存柊璁㈠崟鐘舵€佷负宸叉敮浠?(19 ms)
        鈭?搴旇鎴愬姛鏇存柊璁㈠崟鐘舵€佷负寰呭彇杞?(36 ms)
        鈭?缂哄皯鐘舵€佸弬鏁板簲璇ヨ繑鍥?400 閿欒 (9 ms)
        脳 鏅€氱敤鎴蜂笉鑳芥洿鏂拌鍗曠姸鎬?(9 ms)
      POST /api/admin/orders/:id/refund - 澶勭悊閫€娆?        鈭?搴旇鎴愬姛澶勭悊閫€娆?(19 ms)
        鈭?缂哄皯閫€娆鹃噾棰濆簲璇ヨ繑鍥?400 閿欒 (6 ms)
        脳 鏅€氱敤鎴蜂笉鑳藉鐞嗛€€娆?(12 ms)

  鈼?璁㈠崟绠＄悊 API 娴嬭瘯 鈥?鐢ㄦ埛绔鍗?API 鈥?POST /api/orders - 鍒涘缓璁㈠崟 鈥?鏈櫥褰曞簲璇ヨ繑鍥?401 閿欒

    expect(received).toBe(expected) // Object.is equality

    Expected: false
    Received: undefined

    [0m [90m 101 |[39m           [33m.[39mexpect([35m401[39m)[33m;[39m
     [90m 102 |[39m
    [31m[1m>[22m[39m[90m 103 |[39m         expect(response[33m.[39mbody[33m.[39msuccess)[33m.[39mtoBe([36mfalse[39m)[33m;[39m
     [90m     |[39m                                       [31m[1m^[22m[39m
     [90m 104 |[39m       })[33m;[39m
     [90m 105 |[39m
     [90m 106 |[39m       it([32m'缂哄皯蹇呭～瀛楁搴旇杩斿洖 400 閿欒'[39m[33m,[39m [36masync[39m () [33m=>[39m {[0m

      at Object.<anonymous> (tests/order.test.ts:103:39)

  鈼?璁㈠崟绠＄悊 API 娴嬭瘯 鈥?鐢ㄦ埛绔鍗?API 鈥?GET /api/orders - 鑾峰彇鎴戠殑璁㈠崟鍒楄〃 鈥?鏈櫥褰曞簲璇ヨ繑鍥?401 閿欒

    expect(received).toBe(expected) // Object.is equality

    Expected: false
    Received: undefined

    [0m [90m 202 |[39m         [36mconst[39m response [33m=[39m [36mawait[39m request(app[33m.[39mcallback())[33m.[39m[36mget[39m([32m'/
api/orders'[39m)[33m.[39mexpect([35m401[39m)[33m;[39m
     [90m 203 |[39m
    [31m[1m>[22m[39m[90m 204 |[39m         expect(response[33m.[39mbody[33m.[39msuccess)[33m.[39mtoBe([36mfalse[39m)[33m;[39m
     [90m     |[39m                                       [31m[1m^[22m[39m
     [90m 205 |[39m       })[33m;[39m
     [90m 206 |[39m     })[33m;[39m
     [90m 207 |[39m[0m

      at Object.<anonymous> (tests/order.test.ts:204:39)

  鈼?璁㈠崟绠＄悊 API 娴嬭瘯 鈥?鐢ㄦ埛绔鍗?API 鈥?GET /api/orders/:id - 鑾峰彇璁㈠崟璇︽儏 鈥?鏈櫥褰曞簲璇ヨ繑鍥?401 閿欒

    expect(received).toBe(expected) // Object.is equality

    Expected: false
    Received: undefined

    [0m [90m 221 |[39m         [36mconst[39m response [33m=[39m [36mawait[39m request(app[33m.[39mcallback())[33m.[39m[36mget[39m([32m`/
api/orders/${orderId}`[39m)[33m.[39mexpect([35m401[39m)[33m;[39m
     [90m 222 |[39m
    [31m[1m>[22m[39m[90m 223 |[39m         expect(response[33m.[39mbody[33m.[39msuccess)[33m.[39mtoBe([36mfalse[39m)[33m;[39m
     [90m     |[39m                                       [31m[1m^[22m[39m
     [90m 224 |[39m       })[33m;[39m
     [90m 225 |[39m
     [90m 226 |[39m       it([32m'璁块棶浠栦汉璁㈠崟搴旇杩斿洖 403 閿欒'[39m[33m,[39m [36masync[39m () [33m=>[39m {[0m

      at Object.<anonymous> (tests/order.test.ts:223:39)

  鈼?璁㈠崟绠＄悊 API 娴嬭瘯 鈥?鐢ㄦ埛绔鍗?API 鈥?POST /api/orders/:id/cancel - 鍙栨秷璁㈠崟 鈥?鏈櫥褰曞簲璇ヨ繑鍥?401 閿欒

    expect(received).toBe(expected) // Object.is equality

    Expected: false
    Received: undefined

    [0m [90m 253 |[39m           [33m.[39mexpect([35m401[39m)[33m;[39m
     [90m 254 |[39m
    [31m[1m>[22m[39m[90m 255 |[39m         expect(response[33m.[39mbody[33m.[39msuccess)[33m.[39mtoBe([36mfalse[39m)[33m;[39m
     [90m     |[39m                                       [31m[1m^[22m[39m
     [90m 256 |[39m       })[33m;[39m
     [90m 257 |[39m     })[33m;[39m
     [90m 258 |[39m[0m

      at Object.<anonymous> (tests/order.test.ts:255:39)

  鈼?璁㈠崟绠＄悊 API 娴嬭瘯 鈥?绠＄悊绔鍗?API 鈥?GET /api/admin/orders - 鑾峰彇鎵€鏈夎鍗曞垪琛?鈥?鏅€氱敤鎴蜂笉鑳借闂鐞嗙璁㈠崟鍒楄〃

    expect(received).toBe(expected) // Object.is equality

    Expected: false
    Received: undefined

    [0m [90m 320 |[39m           [33m.[39mexpect([35m403[39m)[33m;[39m
     [90m 321 |[39m
    [31m[1m>[22m[39m[90m 322 |[39m         expect(response[33m.[39mbody[33m.[39msuccess)[33m.[39mtoBe([36mfalse[39m)[33m;[39m
     [90m     |[39m                                       [31m[1m^[22m[39m
     [90m 323 |[39m       })[33m;[39m
     [90m 324 |[39m     })[33m;[39m
     [90m 325 |[39m[0m

      at Object.<anonymous> (tests/order.test.ts:322:39)

  鈼?璁㈠崟绠＄悊 API 娴嬭瘯 鈥?绠＄悊绔鍗?API 鈥?GET /api/admin/orders/:id - 鑾峰彇璁㈠崟璇︽儏锛堢鐞嗙锛?鈥?鏅€氱敤鎴疯闂簲璇ヨ繑鍥?03

    expect(received).toBe(expected) // Object.is equality

    Expected: false
    Received: undefined

    [0m [90m 350 |[39m           [33m.[39mexpect([35m403[39m)[33m;[39m
     [90m 351 |[39m
    [31m[1m>[22m[39m[90m 352 |[39m         expect(response[33m.[39mbody[33m.[39msuccess)[33m.[39mtoBe([36mfalse[39m)[33m;[39m
     [90m     |[39m                                       [31m[1m^[22m[39m
     [90m 353 |[39m       })[33m;[39m
     [90m 354 |[39m     })[33m;[39m
     [90m 355 |[39m[0m

      at Object.<anonymous> (tests/order.test.ts:352:39)

  鈼?璁㈠崟绠＄悊 API 娴嬭瘯 鈥?绠＄悊绔鍗?API 鈥?PUT /api/admin/orders/:id/status - 鏇存柊璁㈠崟鐘舵€?鈥?鏅€氱敤鎴蜂笉鑳芥洿鏂拌鍗曠姸鎬?
    expect(received).toBe(expected) // Object.is equality

    Expected: false
    Received: undefined

    [0m [90m 401 |[39m           [33m.[39mexpect([35m403[39m)[33m;[39m
     [90m 402 |[39m
    [31m[1m>[22m[39m[90m 403 |[39m         expect(response[33m.[39mbody[33m.[39msuccess)[33m.[39mtoBe([36mfalse[39m)[33m;[39m
     [90m     |[39m                                       [31m[1m^[22m[39m
     [90m 404 |[39m       })[33m;[39m
     [90m 405 |[39m     })[33m;[39m
     [90m 406 |[39m[0m

      at Object.<anonymous> (tests/order.test.ts:403:39)

  鈼?璁㈠崟绠＄悊 API 娴嬭瘯 鈥?绠＄悊绔鍗?API 鈥?POST /api/admin/orders/:id/refund - 澶勭悊閫€娆?鈥?鏅€氱敤鎴蜂笉鑳藉鐞嗛€€娆?
    expect(received).toBe(expected) // Object.is equality

    Expected: false
    Received: undefined

    [0m [90m 476 |[39m           [33m.[39mexpect([35m403[39m)[33m;[39m
     [90m 477 |[39m
    [31m[1m>[22m[39m[90m 478 |[39m         expect(response[33m.[39mbody[33m.[39msuccess)[33m.[39mtoBe([36mfalse[39m)[33m;[39m
     [90m     |[39m                                       [31m[1m^[22m[39m
     [90m 479 |[39m       })[33m;[39m
     [90m 480 |[39m     })[33m;[39m
     [90m 481 |[39m   })[33m;[39m[0m

      at Object.<anonymous> (tests/order.test.ts:478:39)

Mon, 27 Oct 2025 10:27:27 GMT koa deprecated Support for generators will be removed in v3. See the documentation for examples of how to convert old midd
leware https://github.com/koajs/koa/blob/master/docs/migration.md at src\app.ts:30:5
  console.log
    馃И 娴嬭瘯鐜鍒濆鍖?..

      at Object.<anonymous> (tests/setup.ts:52:11)

  console.log
    鉁?娴嬭瘯鏁版嵁搴撹繛鎺ュ凡寤虹珛

      at Object.<anonymous> (tests/setup.ts:57:13)

  console.log
    鉁?娴嬭瘯鏁版嵁搴撳凡娓呯悊

      at Object.<anonymous> (tests/setup.ts:62:11)

2025-10-27 18:27:28 [[32MINFO[39M]: 鐢ㄦ埛鐧诲綍璇锋眰: 13800000000
2025-10-27 18:27:28 [[33MWARN[39M]: 鐧诲綍澶辫触: 鐢ㄦ埛涓嶅瓨鍦?- 13800000000
2025-10-27 18:27:28 [[31MERROR[39M]: 鐢ㄦ埛鐧诲綍澶辫触: 13800000000 鐢ㄦ埛涓嶅瓨鍦?Error: 鐢ㄦ埛涓嶅瓨鍦?    at AuthService.login (D:\daodao\daodaorv01\backend\src\services\auth.service.ts:118:15)
    at processTicksAndRejections (node:internal/process/task_queues:105:5)
    at AuthController.login (D:\daodao\daodaorv01\backend\src\controllers\auth.controller.ts:56:22)
2025-10-27 18:27:28 [[33MWARN[39M]: POST /api/auth/login - 404 - 12ms
2025-10-27 18:27:28 [[32MINFO[39M]: 鐢ㄦ埛娉ㄥ唽璇锋眰: 13800000000
2025-10-27 18:27:28 [[32MINFO[39M]: 鐢ㄦ埛娉ㄥ唽鎴愬姛: 3ea21391-1cd0-4e4e-a77f-dcfec2c4f6ca - 13800000000
2025-10-27 18:27:28 [[32MINFO[39M]: POST /api/auth/register - 200 - 99ms
2025-10-27 18:27:28 [[32MINFO[39M]: 鐢ㄦ埛娉ㄥ唽璇锋眰: 13860848808
2025-10-27 18:27:28 [[32MINFO[39M]: 鐢ㄦ埛娉ㄥ唽鎴愬姛: 30936788-3e17-4bce-bdc7-7249522420f9 - 13860848808
2025-10-27 18:27:28 [[32MINFO[39M]: POST /api/auth/register - 200 - 93ms
2025-10-27 18:27:28 [[32MINFO[39M]: 鍒涘缓閽卞寘: 鐢ㄦ埛ID=30936788-3e17-4bce-bdc7-7249522420f9
2025-10-27 18:27:28 [[32MINFO[39M]: 閽卞寘鍒涘缓鎴愬姛: walletId=989e3aa3-87ee-46c3-805b-9d2aea57c9d7
2025-10-27 18:27:28 [[32MINFO[39M]: GET /api/wallet - 200 - 22ms
2025-10-27 18:27:28 [[32MINFO[39M]: 鎵嬪姩璋冩暣浣欓: 鐢ㄦ埛ID=30936788-3e17-4bce-bdc7-7249522420f9, 閲戦=1000
2025-10-27 18:27:28 [[32MINFO[39M]: 浣欓璋冩暣鎴愬姛: 0 -> 1000
2025-10-27 18:27:28 [[32MINFO[39M]: POST /api/admin/wallet/adjust - 200 - 30ms
2025-10-27 18:27:28 [[32MINFO[39M]: GET /api/wallet - 200 - 2ms
2025-10-27 18:27:28 [[32MINFO[39M]: GET /api/wallet/transactions?page=1&pageSize=10 - 200 - 3ms
2025-10-27 18:27:28 [[32MINFO[39M]: 鐢宠鎻愮幇: 鐢ㄦ埛ID=30936788-3e17-4bce-bdc7-7249522420f9, 閲戦=100
2025-10-27 18:27:29 [[32MINFO[39M]: 鎻愮幇鐢宠鎴愬姛: 鎻愮幇鍗曞彿=WD20251027545455
2025-10-27 18:27:29 [[32MINFO[39M]: POST /api/wallet/withdraw - 200 - 36ms
2025-10-27 18:27:29 [[32MINFO[39M]: 鐢宠鎻愮幇: 鐢ㄦ埛ID=30936788-3e17-4bce-bdc7-7249522420f9, 閲戦=10000
2025-10-27 18:27:29 [[31MERROR[39M]: 鐢宠鎻愮幇澶辫触 鍙敤浣欓涓嶈冻
Error: 鍙敤浣欓涓嶈冻
    at WalletService.requestWithdrawal (D:\daodao\daodaorv01\backend\src\services\wallet.service.ts:264:13)
    at processTicksAndRejections (node:internal/process/task_queues:105:5)
    at WalletController.requestWithdrawal (D:\daodao\daodaorv01\backend\src\controllers\wallet.controller.ts:134:26)
    at authMiddleware (D:\daodao\daodaorv01\backend\src\middlewares\auth.ts:50:5)
2025-10-27 18:27:29 [[33MWARN[39M]: POST /api/wallet/withdraw - 400 - 8ms
2025-10-27 18:27:29 [[33MWARN[39M]: POST /api/wallet/withdraw - 400 - 1ms
2025-10-27 18:27:29 [[32MINFO[39M]: GET /api/wallet - 200 - 2ms
2025-10-27 18:27:29 [[32MINFO[39M]: GET /api/wallet/withdrawals?page=1&pageSize=10 - 200 - 6ms
2025-10-27 18:27:29 [[32MINFO[39M]: GET /api/admin/withdrawals?status=pending&page=1&pageSize=10 - 200 - 5ms
2025-10-27 18:27:29 [[32MINFO[39M]: GET /api/admin/withdrawals/c1c7d487-a7a7-4be1-9eb6-ee25062f5dd3 - 200 - 7ms
2025-10-27 18:27:29 [[32MINFO[39M]: 澶勭悊鎻愮幇: ID=c1c7d487-a7a7-4be1-9eb6-ee25062f5dd3, 瀹℃牳缁撴灉=閫氳繃
2025-10-27 18:27:29 [[32MINFO[39M]: 鎻愮幇瀹℃牳閫氳繃: WD20251027545455
2025-10-27 18:27:29 [[32MINFO[39M]: POST /api/admin/withdrawals/c1c7d487-a7a7-4be1-9eb6-ee25062f5dd3/review - 200 - 47ms
2025-10-27 18:27:29 [[32MINFO[39M]: GET /api/wallet - 200 - 4ms
2025-10-27 18:27:29 [[32MINFO[39M]: 鐢宠鎻愮幇: 鐢ㄦ埛ID=30936788-3e17-4bce-bdc7-7249522420f9, 閲戦=50
2025-10-27 18:27:29 [[32MINFO[39M]: 鎻愮幇鐢宠鎴愬姛: 鎻愮幇鍗曞彿=WD20251027042127
2025-10-27 18:27:29 [[32MINFO[39M]: POST /api/wallet/withdraw - 200 - 63ms
2025-10-27 18:27:29 [[32MINFO[39M]: 澶勭悊鎻愮幇: ID=0db78075-fc83-4801-bf93-f30c742661fd, 瀹℃牳缁撴灉=鎷掔粷
2025-10-27 18:27:29 [[32MINFO[39M]: 鎻愮幇瀹℃牳鎷掔粷: WD20251027042127
2025-10-27 18:27:29 [[32MINFO[39M]: POST /api/admin/withdrawals/0db78075-fc83-4801-bf93-f30c742661fd/review - 200 - 38ms
2025-10-27 18:27:29 [[32MINFO[39M]: GET /api/wallet - 200 - 2ms
2025-10-27 18:27:29 [[32MINFO[39M]: 鎵嬪姩璋冩暣浣欓: 鐢ㄦ埛ID=30936788-3e17-4bce-bdc7-7249522420f9, 閲戦=-200
2025-10-27 18:27:29 [[32MINFO[39M]: 浣欓璋冩暣鎴愬姛: 900 -> 700
2025-10-27 18:27:29 [[32MINFO[39M]: POST /api/admin/wallet/adjust - 200 - 26ms
2025-10-27 18:27:29 [[32MINFO[39M]: GET /api/wallet - 200 - 5ms
2025-10-27 18:27:29 [[33MWARN[39M]: GET /api/wallet - 401 - 0ms
2025-10-27 18:27:29 [[33MWARN[39M]: GET /api/admin/withdrawals - 403 - 2ms
2025-10-27 18:27:29 [[33MWARN[39M]: POST /api/admin/withdrawals/some-id/review - 403 - 2ms
2025-10-27 18:27:29 [[33MWARN[39M]: POST /api/admin/wallet/adjust - 403 - 2ms
  console.log
    馃敡 娴嬭瘯鐜娓呯悊涓?..

      at Object.<anonymous> (tests/setup.ts:73:11)

  console.log
    鉁?娴嬭瘯鏁版嵁搴撳凡娓呯悊

      at Object.<anonymous> (tests/setup.ts:77:11)

  console.log
    鉁?娴嬭瘯鐜娓呯悊瀹屾垚

      at Object.<anonymous> (tests/setup.ts:84:11)

FAIL tests/wallet.test.ts
  閽卞寘 API 娴嬭瘯
    鐢ㄦ埛閽卞寘鍔熻兘
      鈭?鑾峰彇閽卞寘淇℃伅 - 鑷姩鍒涘缓閽卞寘 (125 ms)
      鈭?绠＄悊鍛樻墜鍔ㄥ厖鍊?(34 ms)
      鈭?鏌ョ湅閽卞寘浣欓 - 鍏呭€煎悗 (7 ms)
      鈭?鑾峰彇浜ゆ槗璁板綍 (6 ms)
    鎻愮幇鍔熻兘
      鈭?鐢宠鎻愮幇 - 寰俊 (39 ms)
      鈭?鐢宠鎻愮幇 - 浣欓涓嶈冻 (17 ms)
      鈭?鐢宠鎻愮幇 - 鍙傛暟楠岃瘉澶辫触 (5 ms)
      鈭?鏌ョ湅閽卞寘浣欓 - 鎻愮幇鍚庯紙鍐荤粨锛?(5 ms)
      鈭?鑾峰彇鎻愮幇璁板綍锛堢敤鎴风锛?(10 ms)
      鈭?鑾峰彇鎻愮幇璁板綍鍒楄〃锛堢鐞嗙锛?(9 ms)
      鈭?鑾峰彇鎻愮幇璇︽儏锛堢鐞嗙锛?(10 ms)
      鈭?瀹℃牳鎻愮幇 - 閫氳繃 (52 ms)
      鈭?鏌ョ湅閽卞寘浣欓 - 鎻愮幇瀹℃牳閫氳繃鍚?(21 ms)
    鎻愮幇瀹℃牳 - 鎷掔粷
      鈭?鍐嶆鐢宠鎻愮幇 (69 ms)
      鈭?瀹℃牳鎻愮幇 - 鎷掔粷 (41 ms)
      鈭?鏌ョ湅閽卞寘浣欓 - 鎻愮幇鎷掔粷鍚?(5 ms)
    绠＄悊鍛樹綑棰濊皟鏁?      鈭?绠＄悊鍛樻墸鍑忎綑棰?(30 ms)
      鈭?鏌ョ湅閽卞寘浣欓 - 浣欓璋冩暣鍚?(13 ms)
    鏉冮檺楠岃瘉
      脳 鏈櫥褰曚笉鑳借闂挶鍖?(5 ms)
      脳 鏅€氱敤鎴蜂笉鑳借闂鐞嗙鎻愮幇鍒楄〃 (5 ms)
      脳 鏅€氱敤鎴蜂笉鑳藉鏍告彁鐜?(6 ms)
      脳 鏅€氱敤鎴蜂笉鑳借皟鏁翠綑棰?(5 ms)

  鈼?閽卞寘 API 娴嬭瘯 鈥?鏉冮檺楠岃瘉 鈥?鏈櫥褰曚笉鑳借闂挶鍖?
    expect(received).toBe(expected) // Object.is equality

    Expected: false
    Received: undefined

    [0m [90m 291 |[39m       [36mconst[39m response [33m=[39m [36mawait[39m request(app[33m.[39mcallback())[33m.[39m[36mget[39m([32m'/ap
i/wallet'[39m)[33m.[39mexpect([35m401[39m)[33m;[39m
     [90m 292 |[39m
    [31m[1m>[22m[39m[90m 293 |[39m       expect(response[33m.[39mbody[33m.[39msuccess)[33m.[39mtoBe([36mfalse[39m)[33m;[39m
     [90m     |[39m                                     [31m[1m^[22m[39m
     [90m 294 |[39m     })[33m;[39m
     [90m 295 |[39m
     [90m 296 |[39m     test([32m'鏅€氱敤鎴蜂笉鑳借闂鐞嗙鎻愮幇鍒楄〃'[39m[33m,[39m [36masync[39m () [33m=>[39m {[0m

      at Object.<anonymous> (tests/wallet.test.ts:293:37)

  鈼?閽卞寘 API 娴嬭瘯 鈥?鏉冮檺楠岃瘉 鈥?鏅€氱敤鎴蜂笉鑳借闂鐞嗙鎻愮幇鍒楄〃

    expect(received).toBe(expected) // Object.is equality

    Expected: false
    Received: undefined

    [0m [90m 300 |[39m         [33m.[39mexpect([35m403[39m)[33m;[39m
     [90m 301 |[39m
    [31m[1m>[22m[39m[90m 302 |[39m       expect(response[33m.[39mbody[33m.[39msuccess)[33m.[39mtoBe([36mfalse[39m)[33m;[39m
     [90m     |[39m                                     [31m[1m^[22m[39m
     [90m 303 |[39m     })[33m;[39m
     [90m 304 |[39m
     [90m 305 |[39m     test([32m'鏅€氱敤鎴蜂笉鑳藉鏍告彁鐜?[39m[33m,[39m [36masync[39m () [33m=>[39m {[0m

      at Object.<anonymous> (tests/wallet.test.ts:302:37)

  鈼?閽卞寘 API 娴嬭瘯 鈥?鏉冮檺楠岃瘉 鈥?鏅€氱敤鎴蜂笉鑳藉鏍告彁鐜?
    expect(received).toBe(expected) // Object.is equality

    Expected: false
    Received: undefined

    [0m [90m 310 |[39m         [33m.[39mexpect([35m403[39m)[33m;[39m
     [90m 311 |[39m
    [31m[1m>[22m[39m[90m 312 |[39m       expect(response[33m.[39mbody[33m.[39msuccess)[33m.[39mtoBe([36mfalse[39m)[33m;[39m
     [90m     |[39m                                     [31m[1m^[22m[39m
     [90m 313 |[39m     })[33m;[39m
     [90m 314 |[39m
     [90m 315 |[39m     test([32m'鏅€氱敤鎴蜂笉鑳借皟鏁翠綑棰?[39m[33m,[39m [36masync[39m () [33m=>[39m {[0m

      at Object.<anonymous> (tests/wallet.test.ts:312:37)

  鈼?閽卞寘 API 娴嬭瘯 鈥?鏉冮檺楠岃瘉 鈥?鏅€氱敤鎴蜂笉鑳借皟鏁翠綑棰?
    expect(received).toBe(expected) // Object.is equality

    Expected: false
    Received: undefined

    [0m [90m 320 |[39m         [33m.[39mexpect([35m403[39m)[33m;[39m
     [90m 321 |[39m
    [31m[1m>[22m[39m[90m 322 |[39m       expect(response[33m.[39mbody[33m.[39msuccess)[33m.[39mtoBe([36mfalse[39m)[33m;[39m
     [90m     |[39m                                     [31m[1m^[22m[39m
     [90m 323 |[39m     })[33m;[39m
     [90m 324 |[39m   })[33m;[39m
     [90m 325 |[39m })[33m;[39m[0m

      at Object.<anonymous> (tests/wallet.test.ts:322:37)

Mon, 27 Oct 2025 10:27:29 GMT koa deprecated Support for generators will be removed in v3. See the documentation for examples of how to convert old midd
leware https://github.com/koajs/koa/blob/master/docs/migration.md at src\app.ts:30:5
  console.log
    馃И 娴嬭瘯鐜鍒濆鍖?..

      at Object.<anonymous> (tests/setup.ts:52:11)

  console.log
    鉁?娴嬭瘯鏁版嵁搴撹繛鎺ュ凡寤虹珛

      at Object.<anonymous> (tests/setup.ts:57:13)

  console.log
    鉁?娴嬭瘯鏁版嵁搴撳凡娓呯悊

      at Object.<anonymous> (tests/setup.ts:62:11)

2025-10-27 18:27:31 [[32MINFO[39M]: 鐢ㄦ埛娉ㄥ唽璇锋眰: 13860849837
2025-10-27 18:27:31 [[32MINFO[39M]: 鐢ㄦ埛娉ㄥ唽鎴愬姛: e77aec5a-fdd5-4aae-a542-405aceeb7a5a - 13860849837
2025-10-27 18:27:31 [[32MINFO[39M]: POST /api/auth/register - 200 - 116ms
2025-10-27 18:27:31 [[32MINFO[39M]: 鐢ㄦ埛娉ㄥ唽璇锋眰: 13860849837
2025-10-27 18:27:31 [[33MWARN[39M]: 娉ㄥ唽澶辫触: 鎵嬫満鍙峰凡瀛樺湪 - 13860849837
2025-10-27 18:27:31 [[31MERROR[39M]: 鐢ㄦ埛娉ㄥ唽澶辫触: 13860849837 鎵嬫満鍙峰凡娉ㄥ唽
Error: 鎵嬫満鍙峰凡娉ㄥ唽
    at AuthService.register (D:\daodao\daodaorv01\backend\src\services\auth.service.ts:66:15)
    at processTicksAndRejections (node:internal/process/task_queues:105:5)
    at AuthController.register (D:\daodao\daodaorv01\backend\src\controllers\auth.controller.ts:30:20)
2025-10-27 18:27:31 [[31MERROR[39M]: POST /api/auth/register - 500 - 7ms
2025-10-27 18:27:31 [[33MWARN[39M]: POST /api/auth/register - 400 - 1ms
2025-10-27 18:27:31 [[33MWARN[39M]: POST /api/auth/register - 400 - 0ms
2025-10-27 18:27:31 [[32MINFO[39M]: 鐢ㄦ埛鐧诲綍璇锋眰: 13860849837
2025-10-27 18:27:31 [[32MINFO[39M]: 鐢ㄦ埛鐧诲綍鎴愬姛: e77aec5a-fdd5-4aae-a542-405aceeb7a5a - 13860849837
2025-10-27 18:27:31 [[32MINFO[39M]: POST /api/auth/login - 200 - 81ms
2025-10-27 18:27:31 [[32MINFO[39M]: 鐢ㄦ埛鐧诲綍璇锋眰: 13860849837
2025-10-27 18:27:31 [[33MWARN[39M]: 鐧诲綍澶辫触: 瀵嗙爜閿欒 - 13860849837
2025-10-27 18:27:31 [[31MERROR[39M]: 鐢ㄦ埛鐧诲綍澶辫触: 13860849837 瀵嗙爜閿欒
Error: 瀵嗙爜閿欒
    at AuthService.login (D:\daodao\daodaorv01\backend\src\services\auth.service.ts:131:15)
    at AuthController.login (D:\daodao\daodaorv01\backend\src\controllers\auth.controller.ts:56:22)
2025-10-27 18:27:31 [[33MWARN[39M]: POST /api/auth/login - 401 - 79ms
2025-10-27 18:27:31 [[32MINFO[39M]: 鐢ㄦ埛鐧诲綍璇锋眰: 19999999999
2025-10-27 18:27:31 [[33MWARN[39M]: 鐧诲綍澶辫触: 鐢ㄦ埛涓嶅瓨鍦?- 19999999999
2025-10-27 18:27:31 [[31MERROR[39M]: 鐢ㄦ埛鐧诲綍澶辫触: 19999999999 鐢ㄦ埛涓嶅瓨鍦?Error: 鐢ㄦ埛涓嶅瓨鍦?    at AuthService.login (D:\daodao\daodaorv01\backend\src\services\auth.service.ts:118:15)
    at processTicksAndRejections (node:internal/process/task_queues:105:5)
    at AuthController.login (D:\daodao\daodaorv01\backend\src\controllers\auth.controller.ts:56:22)
2025-10-27 18:27:31 [[33MWARN[39M]: POST /api/auth/login - 404 - 2ms
2025-10-27 18:27:31 [[33MWARN[39M]: POST /api/auth/login - 400 - 1ms
2025-10-27 18:27:31 [[32MINFO[39M]: GET /api/auth/profile - 200 - 3ms
2025-10-27 18:27:31 [[33MWARN[39M]: GET /api/auth/profile - 401 - 0ms
2025-10-27 18:27:31 [[31MERROR[39M]: JWT楠岃瘉澶辫触 Invalid or expired token
Error: Invalid or expired token
    at verifyToken (D:\daodao\daodaorv01\backend\src\utils\jwt.ts:26:11)
    at authMiddleware (D:\daodao\daodaorv01\backend\src\middlewares\auth.ts:32:32)
    at dispatch (D:\daodao\daodaorv01\backend\node_modules\koa-compose\index.js:42:32)
    at D:\daodao\daodaorv01\backend\node_modules\koa-router\lib\router.js:423:16
    at dispatch (D:\daodao\daodaorv01\backend\node_modules\koa-compose\index.js:42:32)
    at D:\daodao\daodaorv01\backend\node_modules\koa-compose\index.js:34:12
    at dispatch (D:\daodao\daodaorv01\backend\node_modules\koa-router\lib\router.js:428:31)
    at dispatch (D:\daodao\daodaorv01\backend\node_modules\koa-compose\index.js:42:32)
    at D:\daodao\daodaorv01\backend\node_modules\koa-body\src\index.ts:120:12
    at dispatch (D:\daodao\daodaorv01\backend\node_modules\koa-compose\index.js:42:32)
    at D:\daodao\daodaorv01\backend\node_modules\koa-convert\index.js:42:43
    at Generator.next (<anonymous>)
    at onFulfilled (D:\daodao\daodaorv01\backend\node_modules\co\index.js:65:19)
    at D:\daodao\daodaorv01\backend\node_modules\co\index.js:54:5
    at new Promise (<anonymous>)
    at Object.co (D:\daodao\daodaorv01\backend\node_modules\co\index.js:50:10)
    at Object.toPromise (D:\daodao\daodaorv01\backend\node_modules\co\index.js:118:63)
    at next (D:\daodao\daodaorv01\backend\node_modules\co\index.js:99:29)
    at onFulfilled (D:\daodao\daodaorv01\backend\node_modules\co\index.js:69:7)
    at D:\daodao\daodaorv01\backend\node_modules\co\index.js:54:5
    at new Promise (<anonymous>)
    at Object.co (D:\daodao\daodaorv01\backend\node_modules\co\index.js:50:10)
    at converted (D:\daodao\daodaorv01\backend\node_modules\koa-convert\index.js:38:15)
    at dispatch (D:\daodao\daodaorv01\backend\node_modules\koa-compose\index.js:42:32)
    at responseMiddleware (D:\daodao\daodaorv01\backend\src\middlewares\response.ts:39:9)
    at dispatch (D:\daodao\daodaorv01\backend\node_modules\koa-compose\index.js:42:32)
    at requestLogger (D:\daodao\daodaorv01\backend\src\middlewares\request-logger.ts:10:9)
    at dispatch (D:\daodao\daodaorv01\backend\node_modules\koa-compose\index.js:42:32)
    at errorHandler (D:\daodao\daodaorv01\backend\src\middlewares\error-handler.ts:9:11)
    at dispatch (D:\daodao\daodaorv01\backend\node_modules\koa-compose\index.js:42:32)
    at D:\daodao\daodaorv01\backend\node_modules\koa-compose\index.js:34:12
    at Application.handleRequest (D:\daodao\daodaorv01\backend\node_modules\koa\lib\application.js:186:12)
    at Server.handleRequest (D:\daodao\daodaorv01\backend\node_modules\koa\lib\application.js:157:21)
    at Server.emit (node:events:519:28)
    at parserOnIncoming (node:_http_server:1184:12)
    at HTTPParser.parserOnHeadersComplete (node:_http_common:122:17)
2025-10-27 18:27:31 [[33MWARN[39M]: GET /api/auth/profile - 401 - 5ms
2025-10-27 18:27:31 [[32MINFO[39M]: POST /api/auth/logout - 200 - 0ms
2025-10-27 18:27:31 [[33MWARN[39M]: GET /api/auth/profile - 401 - 1ms
2025-10-27 18:27:31 [[32MINFO[39M]: 鐢ㄦ埛娉ㄥ唽璇锋眰: 13860851898
2025-10-27 18:27:31 [[32MINFO[39M]: 鐢ㄦ埛娉ㄥ唽鎴愬姛: 6eb48ab9-ce89-48f9-bf9c-95d53cb1099a - 13860851898
2025-10-27 18:27:31 [[32MINFO[39M]: POST /api/auth/register - 200 - 87ms
2025-10-27 18:27:31 [[32MINFO[39M]: 鐢ㄦ埛鐧诲綍璇锋眰: 13860851898
2025-10-27 18:27:32 [[32MINFO[39M]: 鐢ㄦ埛鐧诲綍鎴愬姛: 6eb48ab9-ce89-48f9-bf9c-95d53cb1099a - 13860851898
2025-10-27 18:27:32 [[32MINFO[39M]: POST /api/auth/login - 200 - 83ms
2025-10-27 18:27:32 [[32MINFO[39M]: 淇敼瀵嗙爜璇锋眰: 鐢ㄦ埛ID 6eb48ab9-ce89-48f9-bf9c-95d53cb1099a
2025-10-27 18:27:32 [[32MINFO[39M]: 瀵嗙爜淇敼鎴愬姛: 6eb48ab9-ce89-48f9-bf9c-95d53cb1099a - 13860851898
2025-10-27 18:27:32 [[32MINFO[39M]: POST /api/auth/change-password - 200 - 181ms
2025-10-27 18:27:32 [[32MINFO[39M]: 鐢ㄦ埛鐧诲綍璇锋眰: 13860851898
2025-10-27 18:27:32 [[32MINFO[39M]: 鐢ㄦ埛鐧诲綍鎴愬姛: 6eb48ab9-ce89-48f9-bf9c-95d53cb1099a - 13860851898
2025-10-27 18:27:32 [[32MINFO[39M]: POST /api/auth/login - 200 - 76ms
2025-10-27 18:27:32 [[32MINFO[39M]: 鐢ㄦ埛娉ㄥ唽璇锋眰: 13860852337
2025-10-27 18:27:32 [[32MINFO[39M]: 鐢ㄦ埛娉ㄥ唽鎴愬姛: 7e585e75-4d3f-40d5-aa7d-9ddfd85dd24e - 13860852337
2025-10-27 18:27:32 [[32MINFO[39M]: POST /api/auth/register - 200 - 85ms
2025-10-27 18:27:32 [[32MINFO[39M]: 鐢ㄦ埛鐧诲綍璇锋眰: 13860852337
2025-10-27 18:27:32 [[32MINFO[39M]: 鐢ㄦ埛鐧诲綍鎴愬姛: 7e585e75-4d3f-40d5-aa7d-9ddfd85dd24e - 13860852337
2025-10-27 18:27:32 [[32MINFO[39M]: POST /api/auth/login - 200 - 75ms
2025-10-27 18:27:32 [[32MINFO[39M]: 淇敼瀵嗙爜璇锋眰: 鐢ㄦ埛ID 7e585e75-4d3f-40d5-aa7d-9ddfd85dd24e
2025-10-27 18:27:32 [[33MWARN[39M]: 淇敼瀵嗙爜澶辫触: 鏃у瘑鐮侀敊璇?- 7e585e75-4d3f-40d5-aa7d-9ddfd85dd24e
2025-10-27 18:27:32 [[31MERROR[39M]: 淇敼瀵嗙爜澶辫触: 鐢ㄦ埛ID 7e585e75-4d3f-40d5-aa7d-9ddfd85dd24e 鏃у瘑鐮侀敊璇?Error: 鏃у瘑鐮侀敊璇?    at AuthService.changePassword (D:\daodao\daodaorv01\backend\src\services\auth.service.ts:267:15)
    at AuthController.changePassword (D:\daodao\daodaorv01\backend\src\controllers\auth.controller.ts:223:22)
    at authMiddleware (D:\daodao\daodaorv01\backend\src\middlewares\auth.ts:50:5)
2025-10-27 18:27:32 [[33MWARN[39M]: POST /api/auth/change-password - 401 - 75ms
2025-10-27 18:27:32 [[32MINFO[39M]: 鐢ㄦ埛娉ㄥ唽璇锋眰: 13860852581
2025-10-27 18:27:32 [[32MINFO[39M]: 鐢ㄦ埛娉ㄥ唽鎴愬姛: 4020330c-2e58-4a82-931d-08385538b14c - 13860852581
2025-10-27 18:27:32 [[32MINFO[39M]: POST /api/auth/register - 200 - 84ms
2025-10-27 18:27:32 [[32MINFO[39M]: 鐢ㄦ埛鐧诲綍璇锋眰: 13860852581
2025-10-27 18:27:32 [[32MINFO[39M]: 鐢ㄦ埛鐧诲綍鎴愬姛: 4020330c-2e58-4a82-931d-08385538b14c - 13860852581
2025-10-27 18:27:32 [[32MINFO[39M]: POST /api/auth/login - 200 - 74ms
2025-10-27 18:27:32 [[32MINFO[39M]: POST /api/auth/real-name - 200 - 12ms
2025-10-27 18:27:32 [[32MINFO[39M]: 鐢ㄦ埛鐧诲綍璇锋眰: 13860852581
2025-10-27 18:27:32 [[32MINFO[39M]: 鐢ㄦ埛鐧诲綍鎴愬姛: 4020330c-2e58-4a82-931d-08385538b14c - 13860852581
2025-10-27 18:27:32 [[32MINFO[39M]: POST /api/auth/login - 200 - 75ms
2025-10-27 18:27:32 [[33MWARN[39M]: POST /api/auth/real-name - 400 - 0ms
2025-10-27 18:27:32 [[32MINFO[39M]: 鐢ㄦ埛娉ㄥ唽璇锋眰: 13860852840
2025-10-27 18:27:32 [[32MINFO[39M]: 鐢ㄦ埛娉ㄥ唽鎴愬姛: 58b8861e-5294-43f2-8f57-6aab973ffa07 - 13860852840
2025-10-27 18:27:32 [[32MINFO[39M]: POST /api/auth/register - 200 - 88ms
2025-10-27 18:27:32 [[32MINFO[39M]: 鐢ㄦ埛鐧诲綍璇锋眰: 13860852840
2025-10-27 18:27:33 [[32MINFO[39M]: 鐢ㄦ埛鐧诲綍鎴愬姛: 58b8861e-5294-43f2-8f57-6aab973ffa07 - 13860852840
2025-10-27 18:27:33 [[32MINFO[39M]: POST /api/auth/login - 200 - 77ms
2025-10-27 18:27:33 [[32MINFO[39M]: POST /api/auth/real-name - 200 - 14ms
2025-10-27 18:27:33 [[32MINFO[39M]: POST /api/auth/driving-license - 200 - 13ms
  console.log
    馃敡 娴嬭瘯鐜娓呯悊涓?..

      at Object.<anonymous> (tests/setup.ts:73:11)

  console.log
    鉁?娴嬭瘯鏁版嵁搴撳凡娓呯悊

      at Object.<anonymous> (tests/setup.ts:77:11)

  console.log
    鉁?娴嬭瘯鏁版嵁搴撹繛鎺ュ凡鍏抽棴

      at Object.<anonymous> (tests/setup.ts:81:13)

  console.log
    鉁?娴嬭瘯鐜娓呯悊瀹屾垚

      at Object.<anonymous> (tests/setup.ts:84:11)

PASS tests/auth.test.ts (5.206 s)
  鐢ㄦ埛璁よ瘉 API 娴嬭瘯
    POST /api/auth/register - 鐢ㄦ埛娉ㄥ唽
      鈭?搴旇鎴愬姛娉ㄥ唽鏂扮敤鎴?(121 ms)
      鈭?閲嶅鎵嬫満鍙峰簲璇ヨ繑鍥為敊璇?(10 ms)
      鈭?缂哄皯蹇呭～瀛楁搴旇杩斿洖 400 閿欒 (4 ms)
      鈭?鎵嬫満鍙锋牸寮忎笉姝ｇ‘搴旇杩斿洖閿欒 (5 ms)
    POST /api/auth/login - 鐢ㄦ埛鐧诲綍
      鈭?搴旇鎴愬姛鐧诲綍 (84 ms)
      鈭?閿欒鐨勫瘑鐮佸簲璇ヨ繑鍥為敊璇?(83 ms)
      鈭?涓嶅瓨鍦ㄧ殑鎵嬫満鍙峰簲璇ヨ繑鍥為敊璇?(5 ms)
      鈭?缂哄皯蹇呭～瀛楁搴旇杩斿洖 400 閿欒 (3 ms)
    GET /api/auth/profile - 鑾峰彇鐢ㄦ埛淇℃伅
      鈭?搴旇鎴愬姛鑾峰彇褰撳墠鐢ㄦ埛淇℃伅 (8 ms)
      鈭?鏈櫥褰曞簲璇ヨ繑鍥?401 閿欒 (4 ms)
      鈭?鏃犳晥鐨?Token 搴旇杩斿洖 401 閿欒 (8 ms)
    POST /api/auth/logout - 閫€鍑虹櫥褰?      鈭?搴旇鎴愬姛閫€鍑虹櫥褰?(6 ms)
      鈭?閫€鍑哄悗 Token 搴旇澶辨晥 (3 ms)
    POST /api/auth/change-password - 淇敼瀵嗙爜
      鈭?搴旇鎴愬姛淇敼瀵嗙爜 (360 ms)
      鈭?搴旇鍙互浣跨敤鏂板瘑鐮佺櫥褰?(79 ms)
      鈭?鏃у瘑鐮侀敊璇簲璇ヨ繑鍥為敊璇?(243 ms)
    POST /api/auth/real-name - 鎻愪氦瀹炲悕璁よ瘉
      鈭?搴旇鎴愬姛鎻愪氦瀹炲悕璁よ瘉璧勬枡 (178 ms)
      鈭?缂哄皯蹇呭～瀛楁搴旇杩斿洖閿欒 (80 ms)
    POST /api/auth/driving-license - 鎻愪氦椹剧収璁よ瘉
      鈭?搴旇鎴愬姛鎻愪氦椹剧収璁よ瘉璧勬枡 (204 ms)

Mon, 27 Oct 2025 10:27:34 GMT koa deprecated Support for generators will be removed in v3. See the documentation for examples of how to convert old midd
leware https://github.com/koajs/koa/blob/master/docs/migration.md at src\app.ts:30:5
  console.log
    馃И 娴嬭瘯鐜鍒濆鍖?..

      at Object.<anonymous> (tests/setup.ts:52:11)

  console.log
    鉁?娴嬭瘯鏁版嵁搴撹繛鎺ュ凡寤虹珛

      at Object.<anonymous> (tests/setup.ts:57:13)

  console.log
    鉁?娴嬭瘯鏁版嵁搴撳凡娓呯悊

      at Object.<anonymous> (tests/setup.ts:62:11)

2025-10-27 18:27:36 [[32MINFO[39M]: 鐢ㄦ埛鐧诲綍璇锋眰: 13800000000
2025-10-27 18:27:36 [[33MWARN[39M]: 鐧诲綍澶辫触: 鐢ㄦ埛涓嶅瓨鍦?- 13800000000
2025-10-27 18:27:36 [[31MERROR[39M]: 鐢ㄦ埛鐧诲綍澶辫触: 13800000000 鐢ㄦ埛涓嶅瓨鍦?Error: 鐢ㄦ埛涓嶅瓨鍦?    at AuthService.login (D:\daodao\daodaorv01\backend\src\services\auth.service.ts:118:15)
    at processTicksAndRejections (node:internal/process/task_queues:105:5)
    at AuthController.login (D:\daodao\daodaorv01\backend\src\controllers\auth.controller.ts:56:22)
2025-10-27 18:27:36 [[33MWARN[39M]: POST /api/auth/login - 404 - 12ms
2025-10-27 18:27:36 [[32MINFO[39M]: 鐢ㄦ埛娉ㄥ唽璇锋眰: 13800000000
2025-10-27 18:27:36 [[32MINFO[39M]: 鐢ㄦ埛娉ㄥ唽鎴愬姛: 3229a043-7932-4f02-bf0f-f5c3a4a55af1 - 13800000000
2025-10-27 18:27:36 [[32MINFO[39M]: POST /api/auth/register - 200 - 93ms
2025-10-27 18:27:36 [[32MINFO[39M]: Creating vehicle model
2025-10-27 18:27:36 [[32MINFO[39M]: Vehicle model created successfully
2025-10-27 18:27:36 [[32MINFO[39M]: POST /api/admin/vehicle-models - 200 - 12ms
2025-10-27 18:27:36 [[33MWARN[39M]: POST /api/admin/vehicle-models - 400 - 2ms
2025-10-27 18:27:36 [[33MWARN[39M]: POST /api/admin/vehicle-models - 400 - 2ms
2025-10-27 18:27:36 [[32MINFO[39M]: Getting vehicle model list
2025-10-27 18:27:36 [[32MINFO[39M]: GET /api/admin/vehicle-models - 200 - 4ms
2025-10-27 18:27:36 [[32MINFO[39M]: Getting vehicle model list
2025-10-27 18:27:36 [[32MINFO[39M]: GET /api/admin/vehicle-models?page=1&pageSize=10 - 200 - 3ms
2025-10-27 18:27:36 [[32MINFO[39M]: Getting vehicle model list
2025-10-27 18:27:36 [[32MINFO[39M]: GET /api/admin/vehicle-models?category=type_c - 200 - 3ms
2025-10-27 18:27:36 [[32MINFO[39M]: Getting vehicle model list
2025-10-27 18:27:36 [[32MINFO[39M]: GET /api/admin/vehicle-models?keyword=%E5%A4%A7%E9%80%9A - 200 - 4ms
2025-10-27 18:27:36 [[32MINFO[39M]: Updating vehicle model
2025-10-27 18:27:36 [[32MINFO[39M]: Vehicle model updated successfully
2025-10-27 18:27:36 [[32MINFO[39M]: PUT /api/admin/vehicle-models/6718308d-689c-412b-afcc-d73ae156c113 - 200 - 16ms
2025-10-27 18:27:36 [[32MINFO[39M]: Getting active vehicle models
2025-10-27 18:27:36 [[32MINFO[39M]: GET /api/admin/vehicle-models/active - 200 - 3ms
2025-10-27 18:27:36 [[32MINFO[39M]: Toggling vehicle model active status
2025-10-27 18:27:36 [[32MINFO[39M]: Vehicle model active status toggled
2025-10-27 18:27:36 [[32MINFO[39M]: PUT /api/admin/vehicle-models/6718308d-689c-412b-afcc-d73ae156c113/toggle - 200 - 17ms
2025-10-27 18:27:36 [[32MINFO[39M]: Toggling vehicle model active status
2025-10-27 18:27:36 [[32MINFO[39M]: Vehicle model active status toggled
2025-10-27 18:27:36 [[32MINFO[39M]: PUT /api/admin/vehicle-models/6718308d-689c-412b-afcc-d73ae156c113/toggle - 200 - 16ms
2025-10-27 18:27:36 [[32MINFO[39M]: Creating vehicle
2025-10-27 18:27:36 [[32MINFO[39M]: Vehicle created successfully
2025-10-27 18:27:36 [[32MINFO[39M]: POST /api/admin/vehicles - 200 - 14ms
2025-10-27 18:27:36 [[32MINFO[39M]: Creating vehicle
2025-10-27 18:27:36 [[32MINFO[39M]: Vehicle created successfully
2025-10-27 18:27:36 [[32MINFO[39M]: POST /api/admin/vehicles - 200 - 11ms
2025-10-27 18:27:36 [[32MINFO[39M]: Creating vehicle
2025-10-27 18:27:36 [[31MERROR[39M]: Failed to create vehicle
2025-10-27 18:27:36 [[31MERROR[39M]: Failed to create vehicle: 杞︾墝鍙峰凡瀛樺湪
Error: 杞︾墝鍙峰凡瀛樺湪
    at VehicleService.createVehicle (D:\daodao\daodaorv01\backend\src\services\vehicle.service.ts:86:15)
    at processTicksAndRejections (node:internal/process/task_queues:105:5)
    at VehicleController.createVehicle (D:\daodao\daodaorv01\backend\src\controllers\vehicle.controller.ts:59:23)
    at adminAuthMiddleware (D:\daodao\daodaorv01\backend\src\middlewares\admin-auth.ts:77:5)
2025-10-27 18:27:36 [[31MERROR[39M]: POST /api/admin/vehicles - 500 - 8ms
2025-10-27 18:27:36 [[32MINFO[39M]: Deleting vehicle
2025-10-27 18:27:37 [[32MINFO[39M]: Vehicle deleted successfully
2025-10-27 18:27:37 [[32MINFO[39M]: DELETE /api/admin/vehicles/ed540cab-abeb-46f1-828d-5638a21380d5 - 200 - 15ms
2025-10-27 18:27:37 [[33MWARN[39M]: POST /api/admin/vehicles - 400 - 2ms
2025-10-27 18:27:37 [[32MINFO[39M]: Getting vehicle by id
2025-10-27 18:27:37 [[32MINFO[39M]: GET /api/admin/vehicles/3600561c-04c6-406e-8de7-07ca10b2fa17 - 200 - 9ms
2025-10-27 18:27:37 [[32MINFO[39M]: Getting vehicle list
2025-10-27 18:27:37 [[32MINFO[39M]: GET /api/admin/vehicles - 200 - 11ms
2025-10-27 18:27:37 [[32MINFO[39M]: Getting vehicle list
2025-10-27 18:27:37 [[32MINFO[39M]: GET /api/admin/vehicles?status=available - 200 - 8ms
2025-10-27 18:27:37 [[32MINFO[39M]: Getting vehicle list
2025-10-27 18:27:37 [[32MINFO[39M]: GET /api/admin/vehicles?vehicleModelId=6718308d-689c-412b-afcc-d73ae156c113 - 200 - 4ms
2025-10-27 18:27:37 [[32MINFO[39M]: Updating vehicle
2025-10-27 18:27:37 [[32MINFO[39M]: Vehicle updated successfully
2025-10-27 18:27:37 [[32MINFO[39M]: PUT /api/admin/vehicles/3600561c-04c6-406e-8de7-07ca10b2fa17 - 200 - 18ms
2025-10-27 18:27:37 [[32MINFO[39M]: Updating vehicle status
2025-10-27 18:27:37 [[32MINFO[39M]: Vehicle status updated successfully
2025-10-27 18:27:37 [[32MINFO[39M]: PUT /api/admin/vehicles/3600561c-04c6-406e-8de7-07ca10b2fa17/status - 200 - 15ms
2025-10-27 18:27:37 [[33MWARN[39M]: PUT /api/admin/vehicles/3600561c-04c6-406e-8de7-07ca10b2fa17/status - 400 - 2ms
2025-10-27 18:27:37 [[32MINFO[39M]: Adding maintenance record
2025-10-27 18:27:37 [[32MINFO[39M]: Maintenance record added successfully
2025-10-27 18:27:37 [[32MINFO[39M]: POST /api/admin/vehicles/3600561c-04c6-406e-8de7-07ca10b2fa17/maintenance - 200 - 21ms
2025-10-27 18:27:37 [[33MWARN[39M]: POST /api/admin/vehicles/3600561c-04c6-406e-8de7-07ca10b2fa17/maintenance - 400 - 1ms
2025-10-27 18:27:37 [[32MINFO[39M]: Getting maintenance records
2025-10-27 18:27:37 [[32MINFO[39M]: GET /api/admin/vehicles/3600561c-04c6-406e-8de7-07ca10b2fa17/maintenance - 200 - 3ms
2025-10-27 18:27:37 [[32MINFO[39M]: Adding transfer record
2025-10-27 18:27:37 [[32MINFO[39M]: Transfer record added successfully
2025-10-27 18:27:37 [[32MINFO[39M]: POST /api/admin/vehicles/3600561c-04c6-406e-8de7-07ca10b2fa17/transfers - 200 - 37ms
2025-10-27 18:27:37 [[33MWARN[39M]: POST /api/admin/vehicles/3600561c-04c6-406e-8de7-07ca10b2fa17/transfers - 400 - 2ms
2025-10-27 18:27:37 [[32MINFO[39M]: Getting transfer records
2025-10-27 18:27:37 [[32MINFO[39M]: GET /api/admin/vehicles/3600561c-04c6-406e-8de7-07ca10b2fa17/transfers - 200 - 4ms
2025-10-27 18:27:37 [[32MINFO[39M]: Deleting vehicle
2025-10-27 18:27:37 [[32MINFO[39M]: Vehicle deleted successfully
2025-10-27 18:27:37 [[32MINFO[39M]: DELETE /api/admin/vehicles/3600561c-04c6-406e-8de7-07ca10b2fa17 - 200 - 45ms
2025-10-27 18:27:37 [[32MINFO[39M]: Creating vehicle model
2025-10-27 18:27:37 [[32MINFO[39M]: Vehicle model created successfully
2025-10-27 18:27:37 [[32MINFO[39M]: POST /api/admin/vehicle-models - 200 - 12ms
2025-10-27 18:27:37 [[32MINFO[39M]: Creating vehicle
2025-10-27 18:27:37 [[32MINFO[39M]: Vehicle created successfully
2025-10-27 18:27:37 [[32MINFO[39M]: POST /api/admin/vehicles - 200 - 18ms
2025-10-27 18:27:37 [[32MINFO[39M]: Deleting vehicle model
2025-10-27 18:27:37 [[31MERROR[39M]: Failed to delete vehicle model
2025-10-27 18:27:37 [[31MERROR[39M]: Failed to delete vehicle model: 璇ヨ溅鍨嬫ā鏉夸笅杩樻湁鍏宠仈杞﹁締锛屾棤娉曞垹闄?Error: 璇ヨ溅鍨嬫ā鏉夸笅杩樻湁鍏宠仈杞﹁締锛屾棤娉曞垹闄?    at VehicleModelService.deleteModel (D:\daodao\daodaorv01\backend\src\services\vehicle-model.service.ts:122:15)
    at processTicksAndRejections (node:internal/process/task_queues:105:5)
    at VehicleModelController.deleteModel (D:\daodao\daodaorv01\backend\src\controllers\vehicle-model.controller.ts:134:7)
    at adminAuthMiddleware (D:\daodao\daodaorv01\backend\src\middlewares\admin-auth.ts:77:5)
2025-10-27 18:27:37 [[31MERROR[39M]: DELETE /api/admin/vehicle-models/313677c6-d86d-4e7d-8097-777bc6a2041a - 500 - 24ms
2025-10-27 18:27:37 [[32MINFO[39M]: Deleting vehicle
2025-10-27 18:27:37 [[32MINFO[39M]: Vehicle deleted successfully
2025-10-27 18:27:37 [[32MINFO[39M]: DELETE /api/admin/vehicles/5d3b7e26-e118-4b60-bb24-98436815359e - 200 - 24ms
2025-10-27 18:27:37 [[32MINFO[39M]: Deleting vehicle model
2025-10-27 18:27:37 [[32MINFO[39M]: Vehicle model deleted successfully
2025-10-27 18:27:37 [[32MINFO[39M]: DELETE /api/admin/vehicle-models/6718308d-689c-412b-afcc-d73ae156c113 - 200 - 26ms
  console.log
    馃敡 娴嬭瘯鐜娓呯悊涓?..

      at Object.<anonymous> (tests/setup.ts:73:11)

  console.log
    鉁?娴嬭瘯鏁版嵁搴撳凡娓呯悊

      at Object.<anonymous> (tests/setup.ts:77:11)

  console.log
    鉁?娴嬭瘯鏁版嵁搴撹繛鎺ュ凡鍏抽棴

      at Object.<anonymous> (tests/setup.ts:81:13)

  console.log
    鉁?娴嬭瘯鐜娓呯悊瀹屾垚

      at Object.<anonymous> (tests/setup.ts:84:11)

PASS tests/vehicle.test.ts
  杞﹁締绠＄悊 API 娴嬭瘯
    杞﹀瀷妯℃澘绠＄悊
      POST /api/admin/vehicle-models - 鍒涘缓杞﹀瀷妯℃澘
        鈭?搴旇鎴愬姛鍒涘缓杞﹀瀷妯℃澘 (16 ms)
        鈭?缂哄皯蹇呭～瀛楁搴旇杩斿洖400閿欒 (6 ms)
        鈭?杞﹀瀷鍒嗙被涓嶅悎娉曞簲璇ヨ繑鍥為敊璇?(4 ms)
      GET /api/admin/vehicle-models - 鑾峰彇杞﹀瀷妯℃澘鍒楄〃
        鈭?搴旇鎴愬姛鑾峰彇杞﹀瀷妯℃澘鍒楄〃 (9 ms)
        鈭?鏀寔鍒嗛〉鏌ヨ (6 ms)
        鈭?鏀寔鎸夊垎绫荤瓫閫?(5 ms)
        鈭?鏀寔鍏抽敭璇嶆悳绱?(6 ms)
      PUT /api/admin/vehicle-models/:id - 鏇存柊杞﹀瀷妯℃澘
        鈭?搴旇鎴愬姛鏇存柊杞﹀瀷妯℃澘 (18 ms)
      GET /api/admin/vehicle-models/active - 鑾峰彇鍚敤鐨勮溅鍨嬫ā鏉?        鈭?搴旇杩斿洖鎵€鏈夊惎鐢ㄧ殑杞﹀瀷妯℃澘 (6 ms)
      PUT /api/admin/vehicle-models/:id/toggle - 鍒囨崲鍚敤鐘舵€?        鈭?搴旇鎴愬姛鍒囨崲杞﹀瀷妯℃澘鐘舵€?(20 ms)
        鈭?鍐嶆鍒囨崲搴旇鎭㈠鐘舵€?(19 ms)
    杞﹁締绠＄悊
      POST /api/admin/vehicles - 娣诲姞杞﹁締
        鈭?搴旇鎴愬姛娣诲姞杞﹁締 (18 ms)
        鈭?閲嶅杞︾墝鍙峰簲璇ヨ繑鍥為敊璇?(43 ms)
        鈭?缂哄皯蹇呭～瀛楁搴旇杩斿洖400閿欒 (5 ms)
      GET /api/admin/vehicles/:id - 鑾峰彇杞﹁締璇︽儏
        鈭?搴旇鎴愬姛鑾峰彇杞﹁締璇︽儏 (15 ms)
      GET /api/admin/vehicles - 鑾峰彇杞﹁締鍒楄〃
        鈭?搴旇鎴愬姛鑾峰彇杞﹁締鍒楄〃 (13 ms)
        鈭?鏀寔鎸夌姸鎬佺瓫閫?(14 ms)
        鈭?鏀寔鎸夎溅鍨嬫ā鏉跨瓫閫?(7 ms)
      PUT /api/admin/vehicles/:id - 鏇存柊杞﹁締淇℃伅
        鈭?搴旇鎴愬姛鏇存柊杞﹁締淇℃伅 (23 ms)
      PUT /api/admin/vehicles/:id/status - 鏇存柊杞﹁締鐘舵€?        鈭?搴旇鎴愬姛鏇存柊杞﹁締鐘舵€?(21 ms)
        鈭?涓嶅悎娉曠殑鐘舵€佸€煎簲璇ヨ繑鍥為敊璇?(5 ms)
    杞﹁締缁存姢绠＄悊
      POST /api/admin/vehicles/:id/maintenance - 娣诲姞缁存姢璁板綍
        鈭?搴旇鎴愬姛娣诲姞缁存姢璁板綍 (24 ms)
        鈭?缂哄皯蹇呭～瀛楁搴旇杩斿洖400閿欒 (4 ms)
      GET /api/admin/vehicles/:id/maintenance - 鑾峰彇缁存姢璁板綍
        鈭?搴旇鎴愬姛鑾峰彇杞﹁締鐨勭淮鎶よ褰?(6 ms)
    杞﹁締璋冨害绠＄悊
      POST /api/admin/vehicles/:id/transfers - 娣诲姞璋冨害璁板綍
        鈭?搴旇鎴愬姛娣诲姞璋冨害璁板綍 (41 ms)
        鈭?璋冨嚭闂ㄥ簵鍜岃皟鍏ラ棬搴楃浉鍚屽簲璇ヨ繑鍥為敊璇?(9 ms)
      GET /api/admin/vehicles/:id/transfers - 鑾峰彇璋冨害璁板綍
        鈭?搴旇鎴愬姛鑾峰彇杞﹁締鐨勮皟搴﹁褰?(10 ms)
    DELETE /api/admin/vehicles/:id - 鍒犻櫎杞﹁締
      鈭?搴旇鎴愬姛鍒犻櫎杞﹁締 (48 ms)
      鈭?鏈夊叧鑱旇溅杈嗙殑杞﹀瀷妯℃澘涓嶈兘鍒犻櫎 (121 ms)

Mon, 27 Oct 2025 10:27:39 GMT koa deprecated Support for generators will be removed in v3. See the documentation for examples of how to convert old midd
leware https://github.com/koajs/koa/blob/master/docs/migration.md at src\app.ts:30:5
  console.log
    馃И 娴嬭瘯鐜鍒濆鍖?..

      at Object.<anonymous> (tests/setup.ts:52:11)

  console.log
    鉁?娴嬭瘯鏁版嵁搴撹繛鎺ュ凡寤虹珛

      at Object.<anonymous> (tests/setup.ts:57:13)

  console.log
    鉁?娴嬭瘯鏁版嵁搴撳凡娓呯悊

      at Object.<anonymous> (tests/setup.ts:62:11)

2025-10-27 18:27:40 [[32MINFO[39M]: 鐢ㄦ埛鐧诲綍璇锋眰: 13800000000
2025-10-27 18:27:40 [[33MWARN[39M]: 鐧诲綍澶辫触: 鐢ㄦ埛涓嶅瓨鍦?- 13800000000
2025-10-27 18:27:40 [[31MERROR[39M]: 鐢ㄦ埛鐧诲綍澶辫触: 13800000000 鐢ㄦ埛涓嶅瓨鍦?Error: 鐢ㄦ埛涓嶅瓨鍦?    at AuthService.login (D:\daodao\daodaorv01\backend\src\services\auth.service.ts:118:15)
    at processTicksAndRejections (node:internal/process/task_queues:105:5)
    at AuthController.login (D:\daodao\daodaorv01\backend\src\controllers\auth.controller.ts:56:22)
2025-10-27 18:27:40 [[33MWARN[39M]: POST /api/auth/login - 404 - 11ms
2025-10-27 18:27:40 [[32MINFO[39M]: 鐢ㄦ埛娉ㄥ唽璇锋眰: 13800000000
2025-10-27 18:27:40 [[32MINFO[39M]: 鐢ㄦ埛娉ㄥ唽鎴愬姛: e6a51839-ac54-4769-975e-b25988519e25 - 13800000000
2025-10-27 18:27:40 [[32MINFO[39M]: POST /api/auth/register - 200 - 95ms
2025-10-27 18:27:40 [[32MINFO[39M]: Creating vehicle model
2025-10-27 18:27:40 [[32MINFO[39M]: Vehicle model created successfully
2025-10-27 18:27:40 [[32MINFO[39M]: POST /api/admin/vehicle-models - 200 - 12ms
2025-10-27 18:27:40 [[32MINFO[39M]: Creating vehicle
2025-10-27 18:27:40 [[32MINFO[39M]: Vehicle created successfully
2025-10-27 18:27:40 [[32MINFO[39M]: POST /api/admin/vehicles - 200 - 14ms
2025-10-27 18:27:40 [[32MINFO[39M]: 鐢ㄦ埛娉ㄥ唽璇锋眰: 13860860888
2025-10-27 18:27:40 [[32MINFO[39M]: 鐢ㄦ埛娉ㄥ唽鎴愬姛: 488f4f3f-f5c9-4192-8fde-c9d838eccd8a - 13860860888
2025-10-27 18:27:40 [[32MINFO[39M]: POST /api/auth/register - 200 - 83ms
2025-10-27 18:27:40 [[32MINFO[39M]: 鎵嬪姩璋冩暣浣欓: 鐢ㄦ埛ID=488f4f3f-f5c9-4192-8fde-c9d838eccd8a, 閲戦=2000
2025-10-27 18:27:40 [[32MINFO[39M]: 鍒涘缓閽卞寘: 鐢ㄦ埛ID=488f4f3f-f5c9-4192-8fde-c9d838eccd8a
2025-10-27 18:27:40 [[32MINFO[39M]: 閽卞寘鍒涘缓鎴愬姛: walletId=deca1603-775f-430d-8024-05f1b8870430
2025-10-27 18:27:41 [[32MINFO[39M]: 浣欓璋冩暣鎴愬姛: 0 -> 2000
2025-10-27 18:27:41 [[32MINFO[39M]: POST /api/admin/wallet/adjust - 200 - 39ms
2025-10-27 18:27:41 [[32MINFO[39M]: GET /api/wallet - 200 - 2ms
2025-10-27 18:27:41 [[32MINFO[39M]: 璁㈠崟鍒涘缓鎴愬姛: ORD20251027184535 - 鐢ㄦ埛: 488f4f3f-f5c9-4192-8fde-c9d838eccd8a
2025-10-27 18:27:41 [[32MINFO[39M]: POST /api/orders - 200 - 24ms
2025-10-27 18:27:41 [[32MINFO[39M]: GET /api/orders/d39807ed-5963-42f2-9488-a9a34da6fbde - 200 - 5ms
2025-10-27 18:27:41 [[32MINFO[39M]: 鍒涘缓鏀粯: 璁㈠崟ID=d39807ed-5963-42f2-9488-a9a34da6fbde, 鐢ㄦ埛ID=488f4f3f-f5c9-4192-8fde-c9d838eccd8a, 骞冲彴=wallet, 閲戦=300
2025-10-27 18:27:41 [[32MINFO[39M]: 澶勭悊閽卞寘鏀粯: 璁㈠崟ID=d39807ed-5963-42f2-9488-a9a34da6fbde, 閲戦=300
2025-10-27 18:27:41 [[32MINFO[39M]: 閽卞寘娑堣垂: 鐢ㄦ埛ID=488f4f3f-f5c9-4192-8fde-c9d838eccd8a, 閲戦=300
2025-10-27 18:27:41 [[32MINFO[39M]: 娑堣垂鎴愬姛: 鎵ｅ噺300, 鍓╀綑1700
2025-10-27 18:27:41 [[32MINFO[39M]: 璁㈠崟鏀粯鐘舵€佸凡鏇存柊: d39807ed-5963-42f2-9488-a9a34da6fbde -> paid
2025-10-27 18:27:41 [[32MINFO[39M]: 閽卞寘鏀粯鎴愬姛: PAY20251027664005
2025-10-27 18:27:41 [[32MINFO[39M]: POST /api/payment/create - 200 - 56ms
2025-10-27 18:27:41 [[32MINFO[39M]: GET /api/wallet - 200 - 1ms
2025-10-27 18:27:41 [[32MINFO[39M]: GET /api/orders/d39807ed-5963-42f2-9488-a9a34da6fbde - 200 - 4ms
2025-10-27 18:27:41 [[32MINFO[39M]: 璁㈠崟鍒涘缓鎴愬姛: ORD20251027377450 - 鐢ㄦ埛: 488f4f3f-f5c9-4192-8fde-c9d838eccd8a
2025-10-27 18:27:41 [[32MINFO[39M]: POST /api/orders - 200 - 19ms
2025-10-27 18:27:41 [[32MINFO[39M]: GET /api/orders/cf704a1c-2c91-4862-a290-38bfaf1dad88 - 200 - 4ms
2025-10-27 18:27:41 [[32MINFO[39M]: 鍒涘缓鏀粯: 璁㈠崟ID=cf704a1c-2c91-4862-a290-38bfaf1dad88, 鐢ㄦ埛ID=488f4f3f-f5c9-4192-8fde-c9d838eccd8a, 骞冲彴=wallet, 閲戦=200
2025-10-27 18:27:41 [[32MINFO[39M]: 澶勭悊閽卞寘鏀粯: 璁㈠崟ID=cf704a1c-2c91-4862-a290-38bfaf1dad88, 閲戦=200
2025-10-27 18:27:41 [[32MINFO[39M]: 閽卞寘娑堣垂: 鐢ㄦ埛ID=488f4f3f-f5c9-4192-8fde-c9d838eccd8a, 閲戦=200
2025-10-27 18:27:41 [[32MINFO[39M]: 娑堣垂鎴愬姛: 鎵ｅ噺200, 鍓╀綑1500
2025-10-27 18:27:41 [[32MINFO[39M]: 璁㈠崟鏀粯鐘舵€佸凡鏇存柊: cf704a1c-2c91-4862-a290-38bfaf1dad88 -> paid
2025-10-27 18:27:41 [[32MINFO[39M]: 閽卞寘鏀粯鎴愬姛: PAY20251027334866
2025-10-27 18:27:41 [[32MINFO[39M]: POST /api/payment/create - 200 - 79ms
2025-10-27 18:27:41 [[32MINFO[39M]: GET /api/wallet - 200 - 2ms
2025-10-27 18:27:41 [[32MINFO[39M]: 鍒涘缓閫€娆剧敵璇? 璁㈠崟ID=cf704a1c-2c91-4862-a290-38bfaf1dad88, 鍘熷洜=闆嗘垚娴嬭瘯閫€娆?
2025-10-27 18:27:41 [[32MINFO[39M]: 閫€娆捐褰曞垱寤烘垚鍔? RFD20251027861605
2025-10-27 18:27:41 [[32MINFO[39M]: POST /api/admin/refund/create - 200 - 21ms
2025-10-27 18:27:41 [[32MINFO[39M]: 澶勭悊閫€娆? 閫€娆綢D=15dec723-9f22-4679-a7c2-4cf10d43032a
2025-10-27 18:27:41 [[32MINFO[39M]: 澶勭悊閽卞寘閫€娆? 閫€娆惧崟鍙?RFD20251027861605, 閲戦=200.00
2025-10-27 18:27:41 [[32MINFO[39M]: 閽卞寘閫€娆? 鐢ㄦ埛ID=488f4f3f-f5c9-4192-8fde-c9d838eccd8a, 閲戦=200
2025-10-27 18:27:41 [[32MINFO[39M]: 閫€娆炬垚鍔? 澧炲姞200, 浣欓1700
2025-10-27 18:27:41 [[32MINFO[39M]: 閽卞寘閫€娆炬垚鍔? RFD20251027861605
2025-10-27 18:27:41 [[32MINFO[39M]: POST /api/admin/refund/process/15dec723-9f22-4679-a7c2-4cf10d43032a - 200 - 58ms
2025-10-27 18:27:41 [[32MINFO[39M]: GET /api/wallet - 200 - 3ms
2025-10-27 18:27:41 [[32MINFO[39M]: GET /api/orders/cf704a1c-2c91-4862-a290-38bfaf1dad88 - 200 - 6ms
2025-10-27 18:27:41 [[32MINFO[39M]: 璁㈠崟鍒涘缓鎴愬姛: ORD20251027675941 - 鐢ㄦ埛: 488f4f3f-f5c9-4192-8fde-c9d838eccd8a
2025-10-27 18:27:41 [[32MINFO[39M]: POST /api/orders - 200 - 22ms
2025-10-27 18:27:41 [[32MINFO[39M]: GET /api/orders/4e2e403f-b934-48f6-a525-80b36428e698 - 200 - 4ms
2025-10-27 18:27:41 [[32MINFO[39M]: 鍒涘缓鏀粯: 璁㈠崟ID=4e2e403f-b934-48f6-a525-80b36428e698, 鐢ㄦ埛ID=488f4f3f-f5c9-4192-8fde-c9d838eccd8a, 骞冲彴=wallet, 閲戦=200
2025-10-27 18:27:41 [[32MINFO[39M]: 澶勭悊閽卞寘鏀粯: 璁㈠崟ID=4e2e403f-b934-48f6-a525-80b36428e698, 閲戦=200
2025-10-27 18:27:41 [[32MINFO[39M]: 閽卞寘娑堣垂: 鐢ㄦ埛ID=488f4f3f-f5c9-4192-8fde-c9d838eccd8a, 閲戦=200
2025-10-27 18:27:41 [[32MINFO[39M]: 娑堣垂鎴愬姛: 鎵ｅ噺200, 鍓╀綑1500
2025-10-27 18:27:41 [[32MINFO[39M]: 璁㈠崟鏀粯鐘舵€佸凡鏇存柊: 4e2e403f-b934-48f6-a525-80b36428e698 -> paid
2025-10-27 18:27:41 [[32MINFO[39M]: 閽卞寘鏀粯鎴愬姛: PAY20251027443238
2025-10-27 18:27:41 [[32MINFO[39M]: POST /api/payment/create - 200 - 59ms
2025-10-27 18:27:41 [[32MINFO[39M]: 鍒涘缓閫€娆剧敵璇? 璁㈠崟ID=4e2e403f-b934-48f6-a525-80b36428e698, 鍘熷洜=闆嗘垚娴嬭瘯鍙栨秷璁㈠崟
2025-10-27 18:27:41 [[32MINFO[39M]: 閫€娆捐褰曞垱寤烘垚鍔? RFD20251027934744
2025-10-27 18:27:41 [[32MINFO[39M]: 閫€娆剧敵璇峰凡鍒涘缓: 璁㈠崟=ORD20251027675941, 閲戦=200
2025-10-27 18:27:41 [[32MINFO[39M]: 璁㈠崟鍙栨秷: ORD20251027675941 - 鐢ㄦ埛: 488f4f3f-f5c9-4192-8fde-c9d838eccd8a
2025-10-27 18:27:41 [[32MINFO[39M]: POST /api/orders/4e2e403f-b934-48f6-a525-80b36428e698/cancel - 200 - 30ms
2025-10-27 18:27:41 [[32MINFO[39M]: GET /api/orders/4e2e403f-b934-48f6-a525-80b36428e698 - 200 - 6ms
2025-10-27 18:27:41 [[32MINFO[39M]: 鎵嬪姩璋冩暣浣欓: 鐢ㄦ埛ID=488f4f3f-f5c9-4192-8fde-c9d838eccd8a, 閲戦=500
2025-10-27 18:27:41 [[32MINFO[39M]: 浣欓璋冩暣鎴愬姛: 1500 -> 2000
2025-10-27 18:27:41 [[32MINFO[39M]: POST /api/admin/wallet/adjust - 200 - 30ms
2025-10-27 18:27:41 [[32MINFO[39M]: GET /api/wallet/transactions - 200 - 4ms
2025-10-27 18:27:41 [[32MINFO[39M]: 鐢宠鎻愮幇: 鐢ㄦ埛ID=488f4f3f-f5c9-4192-8fde-c9d838eccd8a, 閲戦=100
2025-10-27 18:27:41 [[32MINFO[39M]: 鎻愮幇鐢宠鎴愬姛: 鎻愮幇鍗曞彿=WD20251027369697
2025-10-27 18:27:41 [[32MINFO[39M]: POST /api/wallet/withdraw - 200 - 42ms
2025-10-27 18:27:41 [[32MINFO[39M]: 鐢ㄦ埛娉ㄥ唽璇锋眰: 13860861579
2025-10-27 18:27:41 [[32MINFO[39M]: 鐢ㄦ埛娉ㄥ唽鎴愬姛: 92886d87-27fe-44fe-8d7d-bd66b53d401c - 13860861579
2025-10-27 18:27:41 [[32MINFO[39M]: POST /api/auth/register - 200 - 91ms
2025-10-27 18:27:41 [[32MINFO[39M]: Creating vehicle
2025-10-27 18:27:41 [[32MINFO[39M]: Vehicle created successfully
2025-10-27 18:27:41 [[32MINFO[39M]: POST /api/admin/vehicles - 200 - 16ms
2025-10-27 18:27:41 [[32MINFO[39M]: 璁㈠崟鍒涘缓鎴愬姛: ORD20251027567363 - 鐢ㄦ埛: 92886d87-27fe-44fe-8d7d-bd66b53d401c
2025-10-27 18:27:41 [[32MINFO[39M]: POST /api/orders - 200 - 23ms
2025-10-27 18:27:41 [[32MINFO[39M]: GET /api/orders/a81fed65-5b2c-438c-80ae-343354083759 - 200 - 5ms
2025-10-27 18:27:41 [[32MINFO[39M]: 鍒涘缓鏀粯: 璁㈠崟ID=a81fed65-5b2c-438c-80ae-343354083759, 鐢ㄦ埛ID=92886d87-27fe-44fe-8d7d-bd66b53d401c, 骞冲彴=wallet, 閲戦=300
2025-10-27 18:27:41 [[32MINFO[39M]: 澶勭悊閽卞寘鏀粯: 璁㈠崟ID=a81fed65-5b2c-438c-80ae-343354083759, 閲戦=300
2025-10-27 18:27:41 [[32MINFO[39M]: 閽卞寘娑堣垂: 鐢ㄦ埛ID=92886d87-27fe-44fe-8d7d-bd66b53d401c, 閲戦=300
2025-10-27 18:27:41 [[32MINFO[39M]: 鍒涘缓閽卞寘: 鐢ㄦ埛ID=92886d87-27fe-44fe-8d7d-bd66b53d401c
2025-10-27 18:27:41 [[32MINFO[39M]: 閽卞寘鍒涘缓鎴愬姛: walletId=71d40ffa-66f2-4a08-8173-773cc88d663b
2025-10-27 18:27:41 [[31MERROR[39M]: Failed to create payment: 浣欓涓嶈冻
Error: 浣欓涓嶈冻
    at WalletService.consume (D:\daodao\daodaorv01\backend\src\services\wallet.service.ts:174:13)
    at processTicksAndRejections (node:internal/process/task_queues:105:5)
    at PaymentService.processWalletPayment (D:\daodao\daodaorv01\backend\src\services\payment.service.ts:102:7)
    at PaymentService.createPayment (D:\daodao\daodaorv01\backend\src\services\payment.service.ts:66:14)
    at PaymentController.createPayment (D:\daodao\daodaorv01\backend\src\controllers\payment.controller.ts:34:22)
    at authMiddleware (D:\daodao\daodaorv01\backend\src\middlewares\auth.ts:50:5)
2025-10-27 18:27:41 [[31MERROR[39M]: POST /api/payment/create - 500 - 61ms
2025-10-27 18:27:41 [[32MINFO[39M]: Creating vehicle
2025-10-27 18:27:41 [[32MINFO[39M]: Vehicle created successfully
2025-10-27 18:27:41 [[32MINFO[39M]: POST /api/admin/vehicles - 200 - 17ms
2025-10-27 18:27:41 [[32MINFO[39M]: 璁㈠崟鍒涘缓鎴愬姛: ORD20251027688954 - 鐢ㄦ埛: 488f4f3f-f5c9-4192-8fde-c9d838eccd8a
2025-10-27 18:27:41 [[32MINFO[39M]: POST /api/orders - 200 - 43ms
2025-10-27 18:27:41 [[32MINFO[39M]: GET /api/orders/869a3f64-1c7f-46dd-b978-b4f6e8a8828a - 200 - 14ms
2025-10-27 18:27:41 [[32MINFO[39M]: 鍒涘缓鏀粯: 璁㈠崟ID=869a3f64-1c7f-46dd-b978-b4f6e8a8828a, 鐢ㄦ埛ID=488f4f3f-f5c9-4192-8fde-c9d838eccd8a, 骞冲彴=wallet, 閲戦=100
2025-10-27 18:27:41 [[32MINFO[39M]: 澶勭悊閽卞寘鏀粯: 璁㈠崟ID=869a3f64-1c7f-46dd-b978-b4f6e8a8828a, 閲戦=100
2025-10-27 18:27:41 [[32MINFO[39M]: 閽卞寘娑堣垂: 鐢ㄦ埛ID=488f4f3f-f5c9-4192-8fde-c9d838eccd8a, 閲戦=100
2025-10-27 18:27:41 [[32MINFO[39M]: 娑堣垂鎴愬姛: 鎵ｅ噺100, 鍓╀綑1900
2025-10-27 18:27:41 [[32MINFO[39M]: 璁㈠崟鏀粯鐘舵€佸凡鏇存柊: 869a3f64-1c7f-46dd-b978-b4f6e8a8828a -> paid
2025-10-27 18:27:41 [[32MINFO[39M]: 閽卞寘鏀粯鎴愬姛: PAY20251027704740
2025-10-27 18:27:41 [[32MINFO[39M]: POST /api/payment/create - 200 - 83ms
2025-10-27 18:27:41 [[32MINFO[39M]: 鍒涘缓鏀粯: 璁㈠崟ID=869a3f64-1c7f-46dd-b978-b4f6e8a8828a, 鐢ㄦ埛ID=488f4f3f-f5c9-4192-8fde-c9d838eccd8a, 骞冲彴=wallet, 閲戦=100
2025-10-27 18:27:41 [[31MERROR[39M]: Failed to create payment: 璁㈠崟鐘舵€佷笉姝ｇ‘锛屾棤娉曟敮浠?Error: 璁㈠崟鐘舵€佷笉姝ｇ‘锛屾棤娉曟敮浠?    at PaymentService.createPayment (D:\daodao\daodaorv01\backend\src\services\payment.service.ts:47:13)
    at processTicksAndRejections (node:internal/process/task_queues:105:5)
    at PaymentController.createPayment (D:\daodao\daodaorv01\backend\src\controllers\payment.controller.ts:34:22)
    at authMiddleware (D:\daodao\daodaorv01\backend\src\middlewares\auth.ts:50:5)
2025-10-27 18:27:41 [[31MERROR[39M]: POST /api/payment/create - 500 - 3ms
  console.log
    馃敡 娴嬭瘯鐜娓呯悊涓?..

      at Object.<anonymous> (tests/setup.ts:73:11)

  console.log
    鉁?娴嬭瘯鏁版嵁搴撳凡娓呯悊

      at Object.<anonymous> (tests/setup.ts:77:11)

  console.log
    鉁?娴嬭瘯鐜娓呯悊瀹屾垚

      at Object.<anonymous> (tests/setup.ts:84:11)

PASS tests/payment-integration.test.ts
  鏀粯闆嗘垚娴嬭瘯
    瀹屾暣鏀粯娴佺▼
      鈭?1. 鐢ㄦ埛鍏呭€奸挶鍖?(44 ms)
      鈭?2. 鐢ㄦ埛鏌ヨ閽卞寘浣欓 (5 ms)
      鈭?3. 鐢ㄦ埛鍒涘缓璁㈠崟 (28 ms)
      鈭?4. 鐢ㄦ埛浣跨敤閽卞寘鏀粯璁㈠崟 (66 ms)
      鈭?5. 楠岃瘉閽卞寘浣欓宸叉墸鍑?(5 ms)
      鈭?6. 楠岃瘉璁㈠崟鐘舵€佸凡鏇存柊 (8 ms)
    瀹屾暣閫€娆炬祦绋?      鈭?1. 鍒涘缓鏂拌鍗曞苟鏀粯 (110 ms)
      鈭?2. 璁板綍閫€娆惧墠鐨勯挶鍖呬綑棰?(5 ms)
      鈭?3. 绠＄悊鍛樺垱寤洪€€娆剧敵璇?(24 ms)
      鈭?4. 绠＄悊鍛樺鐞嗛€€娆?(61 ms)
      鈭?5. 楠岃瘉閽卞寘浣欓宸查€€鍥?(8 ms)
      鈭?6. 楠岃瘉璁㈠崟鏀粯鐘舵€佸凡鏇存柊 (12 ms)
    璁㈠崟鍙栨秷鑷姩閫€娆炬祦绋?      鈭?1. 鍒涘缓鏂拌鍗曞苟鏀粯 (95 ms)
      鈭?2. 鐢ㄦ埛鍙栨秷璁㈠崟锛堣嚜鍔ㄨЕ鍙戦€€娆撅級 (33 ms)
      鈭?3. 楠岃瘉璁㈠崟鐘舵€?(9 ms)
    鍏呭€兼祦绋?      鈭?1. 绠＄悊鍛樹负鐢ㄦ埛鍏呭€?(33 ms)
      鈭?2. 楠岃瘉鍏呭€间氦鏄撹褰?(8 ms)
    鎻愮幇娴佺▼
      鈭?1. 鐢ㄦ埛鐢宠鎻愮幇 - 闇€瑕佸疄鍚嶈璇?(47 ms)
    閿欒鍦烘櫙娴嬭瘯
      鈭?浣欓涓嶈冻鏃舵棤娉曟敮浠?(211 ms)
      鈭?閲嶅鏀粯璁㈠崟浼氬け璐?(187 ms)

  console.log
    馃И 娴嬭瘯鐜鍒濆鍖?..

      at Object.<anonymous> (tests/setup.ts:52:11)

  console.log
    鉁?娴嬭瘯鏁版嵁搴撹繛鎺ュ凡寤虹珛

      at Object.<anonymous> (tests/setup.ts:57:13)

  console.log
    鉁?娴嬭瘯鏁版嵁搴撳凡娓呯悊

      at Object.<anonymous> (tests/setup.ts:62:11)

  console.log
    馃敡 娴嬭瘯鐜娓呯悊涓?..

      at Object.<anonymous> (tests/setup.ts:73:11)

  console.log
    鉁?娴嬭瘯鏁版嵁搴撳凡娓呯悊

      at Object.<anonymous> (tests/setup.ts:77:11)

  console.log
    鉁?娴嬭瘯鏁版嵁搴撹繛鎺ュ凡鍏抽棴

      at Object.<anonymous> (tests/setup.ts:81:13)

  console.log
    鉁?娴嬭瘯鐜娓呯悊瀹屾垚

      at Object.<anonymous> (tests/setup.ts:84:11)

PASS tests/file-utils.test.ts
  鏂囦欢楠岃瘉宸ュ叿娴嬭瘯
    validateImageFile
      鈭?搴旇閫氳繃鏈夋晥鐨勫浘鐗囨枃浠?(1 ms)
      鈭?搴旇鎷掔粷涓嶆敮鎸佺殑鏍煎紡
      鈭?搴旇鎷掔粷瓒呭ぇ鏂囦欢 (1 ms)
    validateDocumentFile
      鈭?搴旇閫氳繃鏈夋晥鐨勬枃妗ｆ枃浠?      鈭?搴旇鎷掔粷涓嶆敮鎸佺殑鏍煎紡
      鈭?搴旇鎷掔粷瓒呭ぇ鏂囦欢 (1 ms)
    getFileTypeFromMime
      鈭?搴旇璇嗗埆鍥剧墖绫诲瀷
      鈭?搴旇璇嗗埆鏂囨。绫诲瀷
      鈭?搴旇杩斿洖unknown瀵逛簬鏈煡绫诲瀷 (1 ms)
    getExtensionFromMime
      鈭?搴旇杩斿洖姝ｇ‘鐨勬墿灞曞悕
      鈭?搴旇杩斿洖榛樿鎵╁睍鍚嶅浜庢湭鐭ョ被鍨?  鏂囦欢鍚嶇敓鎴愬伐鍏锋祴璇?    generateFileName
      鈭?搴旇鐢熸垚UUID鏂囦欢鍚嶅苟淇濈暀鎵╁睍鍚?(1 ms)
    generateFileNameWithExt
      鈭?搴旇鐢熸垚甯︽寚瀹氭墿灞曞悕鐨刄UID鏂囦欢鍚?    getFileExtension
      鈭?搴旇鎻愬彇鏂囦欢鎵╁睍鍚?(1 ms)
    generateThumbnailFileName
      鈭?搴旇鐢熸垚缂╃暐鍥炬枃浠跺悕
    generateWebPFileName
      鈭?搴旇鐢熸垚WebP鏂囦欢鍚?  OSS 璺緞宸ュ叿娴嬭瘯
    generateOSSPath
      鈭?搴旇鐢熸垚姝ｇ‘鐨凮SS璺緞 (1 ms)
      鈭?搴旇鏍规嵁涓嶅悓涓氬姟绫诲瀷鐢熸垚涓嶅悓璺緞
    extractOSSKey
      鈭?搴旇浠庡畬鏁碪RL鎻愬彇OSS Key
      鈭?搴旇鐩存帴杩斿洖闈濽RL瀛楃涓?(1 ms)

Mon, 27 Oct 2025 10:27:45 GMT koa deprecated Support for generators will be removed in v3. See the documentation for examples of how to convert old midd
leware https://github.com/koajs/koa/blob/master/docs/migration.md at src\app.ts:30:5
  console.log
    馃И 娴嬭瘯鐜鍒濆鍖?..

      at Object.<anonymous> (tests/setup.ts:52:11)

  console.log
    鉁?娴嬭瘯鏁版嵁搴撹繛鎺ュ凡寤虹珛

      at Object.<anonymous> (tests/setup.ts:57:13)

  console.log
    鉁?娴嬭瘯鏁版嵁搴撳凡娓呯悊

      at Object.<anonymous> (tests/setup.ts:62:11)

2025-10-27 18:27:47 [[32MINFO[39M]: 鐢ㄦ埛鐧诲綍璇锋眰: 13800000000
2025-10-27 18:27:47 [[33MWARN[39M]: 鐧诲綍澶辫触: 鐢ㄦ埛涓嶅瓨鍦?- 13800000000
2025-10-27 18:27:47 [[31MERROR[39M]: 鐢ㄦ埛鐧诲綍澶辫触: 13800000000 鐢ㄦ埛涓嶅瓨鍦?Error: 鐢ㄦ埛涓嶅瓨鍦?    at AuthService.login (D:\daodao\daodaorv01\backend\src\services\auth.service.ts:118:15)
    at processTicksAndRejections (node:internal/process/task_queues:105:5)
    at AuthController.login (D:\daodao\daodaorv01\backend\src\controllers\auth.controller.ts:56:22)
2025-10-27 18:27:47 [[33MWARN[39M]: POST /api/auth/login - 404 - 30ms
2025-10-27 18:27:47 [[32MINFO[39M]: 鐢ㄦ埛娉ㄥ唽璇锋眰: 13800000000
2025-10-27 18:27:47 [[32MINFO[39M]: 鐢ㄦ埛娉ㄥ唽鎴愬姛: 069f72ef-18d9-4ea2-8869-c484f415083d - 13800000000
2025-10-27 18:27:47 [[32MINFO[39M]: POST /api/auth/register - 200 - 117ms
2025-10-27 18:27:47 [[32MINFO[39M]: Creating vehicle model
2025-10-27 18:27:47 [[32MINFO[39M]: Vehicle model created successfully
2025-10-27 18:27:47 [[32MINFO[39M]: POST /api/admin/vehicle-models - 200 - 18ms
2025-10-27 18:27:47 [[32MINFO[39M]: Creating vehicle
2025-10-27 18:27:47 [[32MINFO[39M]: Vehicle created successfully
2025-10-27 18:27:47 [[32MINFO[39M]: POST /api/admin/vehicles - 200 - 16ms
2025-10-27 18:27:47 [[32MINFO[39M]: 鐢ㄦ埛娉ㄥ唽璇锋眰: 13860867406
2025-10-27 18:27:47 [[32MINFO[39M]: 鐢ㄦ埛娉ㄥ唽鎴愬姛: 70efeb7c-cb12-4eb0-abe3-e9a7469c1b29 - 13860867406
2025-10-27 18:27:47 [[32MINFO[39M]: POST /api/auth/register - 200 - 84ms
2025-10-27 18:27:47 [[32MINFO[39M]: 鎵嬪姩璋冩暣浣欓: 鐢ㄦ埛ID=70efeb7c-cb12-4eb0-abe3-e9a7469c1b29, 閲戦=1000
2025-10-27 18:27:47 [[32MINFO[39M]: 鍒涘缓閽卞寘: 鐢ㄦ埛ID=70efeb7c-cb12-4eb0-abe3-e9a7469c1b29
2025-10-27 18:27:47 [[32MINFO[39M]: 閽卞寘鍒涘缓鎴愬姛: walletId=d0bed1c5-3347-42f1-bfeb-a2f2acd79bce
2025-10-27 18:27:47 [[32MINFO[39M]: 浣欓璋冩暣鎴愬姛: 0 -> 1000
2025-10-27 18:27:47 [[32MINFO[39M]: POST /api/admin/wallet/adjust - 200 - 44ms
2025-10-27 18:27:47 [[32MINFO[39M]: 璁㈠崟鍒涘缓鎴愬姛: ORD20251027575004 - 鐢ㄦ埛: 70efeb7c-cb12-4eb0-abe3-e9a7469c1b29
2025-10-27 18:27:47 [[32MINFO[39M]: POST /api/orders - 200 - 32ms
2025-10-27 18:27:47 [[32MINFO[39M]: GET /api/orders/3db3d348-44b8-4aaa-a420-edaa7ec196a7 - 200 - 6ms
2025-10-27 18:27:47 [[32MINFO[39M]: 鍒涘缓鏀粯: 璁㈠崟ID=3db3d348-44b8-4aaa-a420-edaa7ec196a7, 鐢ㄦ埛ID=70efeb7c-cb12-4eb0-abe3-e9a7469c1b29, 骞冲彴=wallet, 閲戦=300
2025-10-27 18:27:47 [[32MINFO[39M]: 澶勭悊閽卞寘鏀粯: 璁㈠崟ID=3db3d348-44b8-4aaa-a420-edaa7ec196a7, 閲戦=300
2025-10-27 18:27:47 [[32MINFO[39M]: 閽卞寘娑堣垂: 鐢ㄦ埛ID=70efeb7c-cb12-4eb0-abe3-e9a7469c1b29, 閲戦=300
2025-10-27 18:27:47 [[32MINFO[39M]: 娑堣垂鎴愬姛: 鎵ｅ噺300, 鍓╀綑700
2025-10-27 18:27:47 [[32MINFO[39M]: 璁㈠崟鏀粯鐘舵€佸凡鏇存柊: 3db3d348-44b8-4aaa-a420-edaa7ec196a7 -> paid
2025-10-27 18:27:47 [[32MINFO[39M]: 閽卞寘鏀粯鎴愬姛: PAY20251027214838
2025-10-27 18:27:47 [[32MINFO[39M]: POST /api/payment/create - 200 - 65ms
2025-10-27 18:27:47 [[32MINFO[39M]: 璁㈠崟鍒涘缓鎴愬姛: ORD20251027185553 - 鐢ㄦ埛: 70efeb7c-cb12-4eb0-abe3-e9a7469c1b29
2025-10-27 18:27:47 [[32MINFO[39M]: POST /api/orders - 200 - 24ms
2025-10-27 18:27:47 [[32MINFO[39M]: 鍒涘缓鏀粯: 璁㈠崟ID=61ae5ee8-1011-4f88-9df7-8836cbc463cd, 鐢ㄦ埛ID=70efeb7c-cb12-4eb0-abe3-e9a7469c1b29, 骞冲彴=wallet, 閲戦=3000
2025-10-27 18:27:47 [[32MINFO[39M]: 澶勭悊閽卞寘鏀粯: 璁㈠崟ID=61ae5ee8-1011-4f88-9df7-8836cbc463cd, 閲戦=3000
2025-10-27 18:27:47 [[32MINFO[39M]: 閽卞寘娑堣垂: 鐢ㄦ埛ID=70efeb7c-cb12-4eb0-abe3-e9a7469c1b29, 閲戦=3000
2025-10-27 18:27:47 [[31MERROR[39M]: Failed to create payment: 浣欓涓嶈冻
Error: 浣欓涓嶈冻
    at WalletService.consume (D:\daodao\daodaorv01\backend\src\services\wallet.service.ts:174:13)
    at processTicksAndRejections (node:internal/process/task_queues:105:5)
    at PaymentService.processWalletPayment (D:\daodao\daodaorv01\backend\src\services\payment.service.ts:102:7)
    at PaymentService.createPayment (D:\daodao\daodaorv01\backend\src\services\payment.service.ts:66:14)
    at PaymentController.createPayment (D:\daodao\daodaorv01\backend\src\controllers\payment.controller.ts:34:22)
    at authMiddleware (D:\daodao\daodaorv01\backend\src\middlewares\auth.ts:50:5)
2025-10-27 18:27:47 [[31MERROR[39M]: POST /api/payment/create - 500 - 35ms
2025-10-27 18:27:47 [[32MINFO[39M]: GET /api/payment/PAY20251027214838 - 200 - 4ms
2025-10-27 18:27:47 [[31MERROR[39M]: Failed to query payment status: 鏀粯璁板綍涓嶅瓨鍦?Error: 鏀粯璁板綍涓嶅瓨鍦?    at PaymentService.queryPaymentStatus (D:\daodao\daodaorv01\backend\src\services\payment.service.ts:367:13)
    at processTicksAndRejections (node:internal/process/task_queues:105:5)
    at PaymentController.queryPaymentStatus (D:\daodao\daodaorv01\backend\src\controllers\payment.controller.ts:56:29)
    at authMiddleware (D:\daodao\daodaorv01\backend\src\middlewares\auth.ts:50:5)
2025-10-27 18:27:47 [[31MERROR[39M]: GET /api/payment/PAY20251026999999 - 500 - 3ms
2025-10-27 18:27:47 [[33MWARN[39M]: POST /api/payment/create - 400 - 1ms
2025-10-27 18:27:47 [[33MWARN[39M]: POST /api/payment/create - 400 - 1ms
2025-10-27 18:27:47 [[33MWARN[39M]: POST /api/payment/create - 400 - 1ms
2025-10-27 18:27:47 [[32MINFO[39M]: 璁㈠崟鍒涘缓鎴愬姛: ORD20251027336819 - 鐢ㄦ埛: 70efeb7c-cb12-4eb0-abe3-e9a7469c1b29
2025-10-27 18:27:47 [[32MINFO[39M]: POST /api/orders - 200 - 45ms
2025-10-27 18:27:47 [[32MINFO[39M]: 鍒涘缓鏀粯: 璁㈠崟ID=00504465-f699-43d0-a8c1-1f8cac6e9c01, 鐢ㄦ埛ID=70efeb7c-cb12-4eb0-abe3-e9a7469c1b29, 骞冲彴=wechat, 閲戦=300
2025-10-27 18:27:47 [[32MINFO[39M]: 澶勭悊寰俊鏀粯: 璁㈠崟ID=00504465-f699-43d0-a8c1-1f8cac6e9c01, 閲戦=300
2025-10-27 18:27:47 [[31MERROR[39M]: Failed to create payment: 寰俊鏀粯鏈厤缃垨鏈惎鐢?Error: 寰俊鏀粯鏈厤缃垨鏈惎鐢?    at PaymentService.processWechatPayment (D:\daodao\daodaorv01\backend\src\services\payment.service.ts:147:13)
    at processTicksAndRejections (node:internal/process/task_queues:105:5)
    at PaymentService.createPayment (D:\daodao\daodaorv01\backend\src\services\payment.service.ts:68:14)
    at PaymentController.createPayment (D:\daodao\daodaorv01\backend\src\controllers\payment.controller.ts:34:22)
    at authMiddleware (D:\daodao\daodaorv01\backend\src\middlewares\auth.ts:50:5)
2025-10-27 18:27:47 [[31MERROR[39M]: POST /api/payment/create - 500 - 6ms
2025-10-27 18:27:47 [[32MINFO[39M]: 璁㈠崟鍒涘缓鎴愬姛: ORD20251027745870 - 鐢ㄦ埛: 70efeb7c-cb12-4eb0-abe3-e9a7469c1b29
2025-10-27 18:27:47 [[32MINFO[39M]: POST /api/orders - 200 - 34ms
2025-10-27 18:27:47 [[32MINFO[39M]: 鍒涘缓鏀粯: 璁㈠崟ID=0c8a4c46-230d-4947-9cc9-4a58dc6e522e, 鐢ㄦ埛ID=70efeb7c-cb12-4eb0-abe3-e9a7469c1b29, 骞冲彴=alipay, 閲戦=300
2025-10-27 18:27:47 [[32MINFO[39M]: 澶勭悊鏀粯瀹濇敮浠? 璁㈠崟ID=0c8a4c46-230d-4947-9cc9-4a58dc6e522e, 閲戦=300
2025-10-27 18:27:47 [[31MERROR[39M]: Failed to create payment: 鏀粯瀹濇敮浠樻湭閰嶇疆鎴栨湭鍚敤
Error: 鏀粯瀹濇敮浠樻湭閰嶇疆鎴栨湭鍚敤
    at PaymentService.processAlipayPayment (D:\daodao\daodaorv01\backend\src\services\payment.service.ts:209:13)
    at processTicksAndRejections (node:internal/process/task_queues:105:5)
    at PaymentService.createPayment (D:\daodao\daodaorv01\backend\src\services\payment.service.ts:70:14)
    at PaymentController.createPayment (D:\daodao\daodaorv01\backend\src\controllers\payment.controller.ts:34:22)
    at authMiddleware (D:\daodao\daodaorv01\backend\src\middlewares\auth.ts:50:5)
2025-10-27 18:27:47 [[31MERROR[39M]: POST /api/payment/create - 500 - 9ms
2025-10-27 18:27:47 [[32MINFO[39M]: GET /api/admin/payment/config/wechat - 200 - 3ms
2025-10-27 18:27:47 [[32MINFO[39M]: 鏀粯閰嶇疆宸叉洿鏂? wechat
2025-10-27 18:27:47 [[32MINFO[39M]: POST /api/admin/payment/config/wechat - 200 - 25ms
2025-10-27 18:27:47 [[32MINFO[39M]: GET /api/admin/payment/config/wechat - 200 - 6ms
  console.log
    馃敡 娴嬭瘯鐜娓呯悊涓?..

      at Object.<anonymous> (tests/setup.ts:73:11)

  console.log
    鉁?娴嬭瘯鏁版嵁搴撳凡娓呯悊

      at Object.<anonymous> (tests/setup.ts:77:11)

  console.log
    鉁?娴嬭瘯鐜娓呯悊瀹屾垚

      at Object.<anonymous> (tests/setup.ts:84:11)

PASS tests/payment.test.ts
  鏀粯 API 娴嬭瘯
    閽卞寘鏀粯鍔熻兘
      鈭?鍑嗗宸ヤ綔 - 鍒涘缓鐢ㄦ埛骞跺厖鍊?(135 ms)
      鈭?鍑嗗宸ヤ綔 - 鍒涘缓娴嬭瘯璁㈠崟 (39 ms)
      鈭?鍒涘缓閽卞寘鏀粯 - 鎴愬姛 (78 ms)
      鈭?鍒涘缓閽卞寘鏀粯 - 浣欓涓嶈冻 (67 ms)
      鈭?鏌ヨ鏀粯鐘舵€?- 鎴愬姛 (8 ms)
      鈭?鏌ヨ鏀粯鐘舵€?- 鏀粯鍗曞彿涓嶅瓨鍦?(7 ms)
    鏀粯鍙傛暟楠岃瘉
      鈭?鍒涘缓鏀粯 - 缂哄皯蹇呭～鍙傛暟 (5 ms)
      鈭?鍒涘缓鏀粯 - 涓嶆敮鎸佺殑鏀粯骞冲彴 (6 ms)
      鈭?鍒涘缓鏀粯 - 閲戦蹇呴』澶т簬0 (5 ms)
    绗笁鏂规敮浠橈紙棰勭暀锛?      鈭?鍒涘缓寰俊鏀粯 - 鏈厤缃?(66 ms)
      鈭?鍒涘缓鏀粯瀹濇敮浠?- 鏈厤缃?(56 ms)
    鏀粯閰嶇疆绠＄悊锛堢鐞嗙锛?      鈭?鑾峰彇鏀粯閰嶇疆 - 閰嶇疆涓嶅瓨鍦?(7 ms)
      鈭?鏇存柊鏀粯閰嶇疆 - 寰俊鏀粯 (33 ms)
      鈭?鑾峰彇鏀粯閰嶇疆 - 閰嶇疆瀛樺湪锛堣劚鏁忥級 (14 ms)

Mon, 27 Oct 2025 10:27:48 GMT koa deprecated Support for generators will be removed in v3. See the documentation for examples of how to convert old midd
leware https://github.com/koajs/koa/blob/master/docs/migration.md at src\app.ts:30:5
  console.log
    馃И 娴嬭瘯鐜鍒濆鍖?..

      at Object.<anonymous> (tests/setup.ts:52:11)

  console.log
    鉁?娴嬭瘯鏁版嵁搴撹繛鎺ュ凡寤虹珛

      at Object.<anonymous> (tests/setup.ts:57:13)

  console.log
    鉁?娴嬭瘯鏁版嵁搴撳凡娓呯悊

      at Object.<anonymous> (tests/setup.ts:62:11)

2025-10-27 18:27:50 [[32MINFO[39M]: 鐢ㄦ埛鐧诲綍璇锋眰: 13800000000
2025-10-27 18:27:50 [[33MWARN[39M]: 鐧诲綍澶辫触: 鐢ㄦ埛涓嶅瓨鍦?- 13800000000
2025-10-27 18:27:50 [[31MERROR[39M]: 鐢ㄦ埛鐧诲綍澶辫触: 13800000000 鐢ㄦ埛涓嶅瓨鍦?Error: 鐢ㄦ埛涓嶅瓨鍦?    at AuthService.login (D:\daodao\daodaorv01\backend\src\services\auth.service.ts:118:15)
    at processTicksAndRejections (node:internal/process/task_queues:105:5)
    at AuthController.login (D:\daodao\daodaorv01\backend\src\controllers\auth.controller.ts:56:22)
2025-10-27 18:27:50 [[33MWARN[39M]: POST /api/auth/login - 404 - 13ms
2025-10-27 18:27:50 [[32MINFO[39M]: 鐢ㄦ埛娉ㄥ唽璇锋眰: 13800000000
2025-10-27 18:27:50 [[32MINFO[39M]: 鐢ㄦ埛娉ㄥ唽鎴愬姛: 01108e84-0f75-41a5-9601-90111d8c7d43 - 13800000000
2025-10-27 18:27:50 [[32MINFO[39M]: POST /api/auth/register - 200 - 98ms
  console.log
    Creating vehicle model

      at Object.<anonymous> (tests/refund.test.ts:25:13)

2025-10-27 18:27:50 [[32MINFO[39M]: Creating vehicle model
2025-10-27 18:27:50 [[32MINFO[39M]: Vehicle model created successfully
2025-10-27 18:27:50 [[32MINFO[39M]: POST /api/admin/vehicle-models - 200 - 14ms
  console.log
    Vehicle model created successfully

      at Object.<anonymous> (tests/refund.test.ts:43:13)

  console.log
    Creating vehicle

      at Object.<anonymous> (tests/refund.test.ts:46:13)

2025-10-27 18:27:50 [[32MINFO[39M]: Creating vehicle
2025-10-27 18:27:50 [[32MINFO[39M]: Vehicle created successfully
2025-10-27 18:27:50 [[32MINFO[39M]: POST /api/admin/vehicles - 200 - 24ms
  console.log
    Vehicle created successfully

      at Object.<anonymous> (tests/refund.test.ts:60:13)

2025-10-27 18:27:50 [[32MINFO[39M]: 鐢ㄦ埛娉ㄥ唽璇锋眰: 13860870203
2025-10-27 18:27:50 [[32MINFO[39M]: 鐢ㄦ埛娉ㄥ唽鎴愬姛: acc97fb6-0205-40f9-a044-b8609f581645 - 13860870203
2025-10-27 18:27:50 [[32MINFO[39M]: POST /api/auth/register - 200 - 90ms
2025-10-27 18:27:50 [[32MINFO[39M]: 鎵嬪姩璋冩暣浣欓: 鐢ㄦ埛ID=acc97fb6-0205-40f9-a044-b8609f581645, 閲戦=1000
2025-10-27 18:27:50 [[32MINFO[39M]: 鍒涘缓閽卞寘: 鐢ㄦ埛ID=acc97fb6-0205-40f9-a044-b8609f581645
2025-10-27 18:27:50 [[32MINFO[39M]: 閽卞寘鍒涘缓鎴愬姛: walletId=366f348f-d200-458e-8b55-9bc43ad71ffe
2025-10-27 18:27:50 [[32MINFO[39M]: 浣欓璋冩暣鎴愬姛: 0 -> 1000
2025-10-27 18:27:50 [[32MINFO[39M]: POST /api/admin/wallet/adjust - 200 - 69ms
2025-10-27 18:27:50 [[32MINFO[39M]: 璁㈠崟鍒涘缓鎴愬姛: ORD20251027987595 - 鐢ㄦ埛: acc97fb6-0205-40f9-a044-b8609f581645
2025-10-27 18:27:50 [[32MINFO[39M]: POST /api/orders - 200 - 25ms
2025-10-27 18:27:50 [[32MINFO[39M]: GET /api/orders/df0db4fc-80fb-4a6a-aaf1-8508df799c7e - 200 - 5ms
2025-10-27 18:27:50 [[32MINFO[39M]: 鍒涘缓鏀粯: 璁㈠崟ID=df0db4fc-80fb-4a6a-aaf1-8508df799c7e, 鐢ㄦ埛ID=acc97fb6-0205-40f9-a044-b8609f581645, 骞冲彴=wallet, 閲戦=300
2025-10-27 18:27:50 [[32MINFO[39M]: 澶勭悊閽卞寘鏀粯: 璁㈠崟ID=df0db4fc-80fb-4a6a-aaf1-8508df799c7e, 閲戦=300
2025-10-27 18:27:50 [[32MINFO[39M]: 閽卞寘娑堣垂: 鐢ㄦ埛ID=acc97fb6-0205-40f9-a044-b8609f581645, 閲戦=300
2025-10-27 18:27:50 [[32MINFO[39M]: 娑堣垂鎴愬姛: 鎵ｅ噺300, 鍓╀綑700
2025-10-27 18:27:50 [[32MINFO[39M]: 璁㈠崟鏀粯鐘舵€佸凡鏇存柊: df0db4fc-80fb-4a6a-aaf1-8508df799c7e -> paid
2025-10-27 18:27:50 [[32MINFO[39M]: 閽卞寘鏀粯鎴愬姛: PAY20251027031780
2025-10-27 18:27:50 [[32MINFO[39M]: POST /api/payment/create - 200 - 56ms
2025-10-27 18:27:50 [[32MINFO[39M]: 鍒涘缓閫€娆剧敵璇? 璁㈠崟ID=df0db4fc-80fb-4a6a-aaf1-8508df799c7e, 鍘熷洜=鐢ㄦ埛鐢宠閫€娆?
2025-10-27 18:27:50 [[32MINFO[39M]: 閫€娆捐褰曞垱寤烘垚鍔? RFD20251027186892
2025-10-27 18:27:50 [[32MINFO[39M]: POST /api/admin/refund/create - 200 - 19ms
2025-10-27 18:27:50 [[32MINFO[39M]: 鍒涘缓閫€娆剧敵璇? 璁㈠崟ID=non-existent-order-id, 鍘熷洜=娴嬭瘯
2025-10-27 18:27:50 [[31MERROR[39M]: Failed to create refund: 璁㈠崟涓嶅瓨鍦?Error: 璁㈠崟涓嶅瓨鍦?    at RefundService.createRefund (D:\daodao\daodaorv01\backend\src\services\refund.service.ts:34:13)
    at processTicksAndRejections (node:internal/process/task_queues:105:5)
    at RefundController.createRefund (D:\daodao\daodaorv01\backend\src\controllers\refund.controller.ts:59:28)
    at adminAuthMiddleware (D:\daodao\daodaorv01\backend\src\middlewares\admin-auth.ts:77:5)
2025-10-27 18:27:50 [[31MERROR[39M]: POST /api/admin/refund/create - 500 - 11ms
2025-10-27 18:27:50 [[33MWARN[39M]: POST /api/admin/refund/create - 400 - 2ms
2025-10-27 18:27:50 [[32MINFO[39M]: 澶勭悊閫€娆? 閫€娆綢D=7b0f4ec7-b061-4e6e-b904-062e9c4ba404
2025-10-27 18:27:50 [[32MINFO[39M]: 澶勭悊閽卞寘閫€娆? 閫€娆惧崟鍙?RFD20251027186892, 閲戦=300.00
2025-10-27 18:27:50 [[32MINFO[39M]: 閽卞寘閫€娆? 鐢ㄦ埛ID=acc97fb6-0205-40f9-a044-b8609f581645, 閲戦=300
2025-10-27 18:27:50 [[32MINFO[39M]: 閫€娆炬垚鍔? 澧炲姞300, 浣欓1000
2025-10-27 18:27:50 [[32MINFO[39M]: 閽卞寘閫€娆炬垚鍔? RFD20251027186892
2025-10-27 18:27:50 [[32MINFO[39M]: POST /api/admin/refund/process/7b0f4ec7-b061-4e6e-b904-062e9c4ba404 - 200 - 85ms
2025-10-27 18:27:50 [[32MINFO[39M]: 澶勭悊閫€娆? 閫€娆綢D=non-existent-refund-id
2025-10-27 18:27:50 [[31MERROR[39M]: Failed to process refund: 閫€娆捐褰曚笉瀛樺湪
Error: 閫€娆捐褰曚笉瀛樺湪
    at RefundService.processRefund (D:\daodao\daodaorv01\backend\src\services\refund.service.ts:98:13)
    at processTicksAndRejections (node:internal/process/task_queues:105:5)
    at RefundController.processRefund (D:\daodao\daodaorv01\backend\src\controllers\refund.controller.ts:76:28)
    at adminAuthMiddleware (D:\daodao\daodaorv01\backend\src\middlewares\admin-auth.ts:77:5)
2025-10-27 18:27:50 [[31MERROR[39M]: POST /api/admin/refund/process/non-existent-refund-id - 500 - 3ms
2025-10-27 18:27:50 [[32MINFO[39M]: 澶勭悊閫€娆? 閫€娆綢D=7b0f4ec7-b061-4e6e-b904-062e9c4ba404
2025-10-27 18:27:50 [[31MERROR[39M]: Failed to process refund: 閫€娆惧凡瀹屾垚
Error: 閫€娆惧凡瀹屾垚
    at RefundService.processRefund (D:\daodao\daodaorv01\backend\src\services\refund.service.ts:102:13)
    at processTicksAndRejections (node:internal/process/task_queues:105:5)
    at RefundController.processRefund (D:\daodao\daodaorv01\backend\src\controllers\refund.controller.ts:76:28)
    at adminAuthMiddleware (D:\daodao\daodaorv01\backend\src\middlewares\admin-auth.ts:77:5)
2025-10-27 18:27:50 [[31MERROR[39M]: POST /api/admin/refund/process/7b0f4ec7-b061-4e6e-b904-062e9c4ba404 - 500 - 10ms
2025-10-27 18:27:50 [[32MINFO[39M]: 鏌ヨ閫€娆剧姸鎬? 閫€娆惧崟鍙?RFD20251027186892
2025-10-27 18:27:50 [[32MINFO[39M]: GET /api/refund/status/RFD20251027186892 - 200 - 2ms
2025-10-27 18:27:50 [[32MINFO[39M]: 鏌ヨ閫€娆剧姸鎬? 閫€娆惧崟鍙?RFD20251026999999
2025-10-27 18:27:50 [[31MERROR[39M]: Failed to query refund status: 閫€娆捐褰曚笉瀛樺湪
Error: 閫€娆捐褰曚笉瀛樺湪
    at RefundService.queryRefundStatus (D:\daodao\daodaorv01\backend\src\services\refund.service.ts:252:13)
    at processTicksAndRejections (node:internal/process/task_queues:105:5)
    at RefundController.queryRefundStatus (D:\daodao\daodaorv01\backend\src\controllers\refund.controller.ts:36:28)
    at authMiddleware (D:\daodao\daodaorv01\backend\src\middlewares\auth.ts:50:5)
2025-10-27 18:27:50 [[31MERROR[39M]: GET /api/refund/status/RFD20251026999999 - 500 - 3ms
2025-10-27 18:27:50 [[32MINFO[39M]: 鑾峰彇閫€娆捐鎯? 閫€娆綢D=7b0f4ec7-b061-4e6e-b904-062e9c4ba404
2025-10-27 18:27:50 [[32MINFO[39M]: GET /api/refund/7b0f4ec7-b061-4e6e-b904-062e9c4ba404 - 200 - 5ms
2025-10-27 18:27:50 [[32MINFO[39M]: 鑾峰彇閫€娆捐鎯? 閫€娆綢D=non-existent-refund-id
2025-10-27 18:27:50 [[31MERROR[39M]: Failed to get refund detail: 閫€娆捐褰曚笉瀛樺湪
Error: 閫€娆捐褰曚笉瀛樺湪
    at RefundService.getRefundDetail (D:\daodao\daodaorv01\backend\src\services\refund.service.ts:272:13)
    at processTicksAndRejections (node:internal/process/task_queues:105:5)
    at RefundController.getRefundDetail (D:\daodao\daodaorv01\backend\src\controllers\refund.controller.ts:19:28)
    at authMiddleware (D:\daodao\daodaorv01\backend\src\middlewares\auth.ts:50:5)
2025-10-27 18:27:50 [[31MERROR[39M]: GET /api/refund/non-existent-refund-id - 500 - 6ms
2025-10-27 18:27:50 [[32MINFO[39M]: 澶勭悊閫€娆惧洖璋? 骞冲彴=wechat
2025-10-27 18:27:50 [[31MERROR[39M]: Wechat refund callback failed: 閫€娆惧洖璋冨姛鑳芥殏鏈疄鐜?Error: 閫€娆惧洖璋冨姛鑳芥殏鏈疄鐜?    at RefundService.handleRefundCallback (D:\daodao\daodaorv01\backend\src\services\refund.service.ts:236:11)
    at RefundController.wechatRefundCallback (D:\daodao\daodaorv01\backend\src\controllers\refund.controller.ts:93:27)
    at dispatch (D:\daodao\daodaorv01\backend\node_modules\koa-compose\index.js:42:32)
    at D:\daodao\daodaorv01\backend\node_modules\koa-router\lib\router.js:423:16
    at dispatch (D:\daodao\daodaorv01\backend\node_modules\koa-compose\index.js:42:32)
    at D:\daodao\daodaorv01\backend\node_modules\koa-compose\index.js:34:12
    at dispatch (D:\daodao\daodaorv01\backend\node_modules\koa-router\lib\router.js:428:31)
    at dispatch (D:\daodao\daodaorv01\backend\node_modules\koa-compose\index.js:42:32)
    at D:\daodao\daodaorv01\backend\node_modules\koa-body\src\index.ts:120:12
    at processTicksAndRejections (node:internal/process/task_queues:105:5)
2025-10-27 18:27:50 [[32MINFO[39M]: POST /api/refund/wechat/callback - 200 - 6ms
2025-10-27 18:27:50 [[32MINFO[39M]: 澶勭悊閫€娆惧洖璋? 骞冲彴=alipay
2025-10-27 18:27:50 [[31MERROR[39M]: Alipay refund callback failed: 閫€娆惧洖璋冨姛鑳芥殏鏈疄鐜?Error: 閫€娆惧洖璋冨姛鑳芥殏鏈疄鐜?    at RefundService.handleRefundCallback (D:\daodao\daodaorv01\backend\src\services\refund.service.ts:236:11)
    at RefundController.alipayRefundCallback (D:\daodao\daodaorv01\backend\src\controllers\refund.controller.ts:113:27)
    at dispatch (D:\daodao\daodaorv01\backend\node_modules\koa-compose\index.js:42:32)
    at D:\daodao\daodaorv01\backend\node_modules\koa-router\lib\router.js:423:16
    at dispatch (D:\daodao\daodaorv01\backend\node_modules\koa-compose\index.js:42:32)
    at D:\daodao\daodaorv01\backend\node_modules\koa-compose\index.js:34:12
    at dispatch (D:\daodao\daodaorv01\backend\node_modules\koa-router\lib\router.js:428:31)
    at dispatch (D:\daodao\daodaorv01\backend\node_modules\koa-compose\index.js:42:32)
    at D:\daodao\daodaorv01\backend\node_modules\koa-body\src\index.ts:120:12
    at processTicksAndRejections (node:internal/process/task_queues:105:5)
2025-10-27 18:27:50 [[32MINFO[39M]: POST /api/refund/alipay/callback - 200 - 3ms
  console.log
    馃敡 娴嬭瘯鐜娓呯悊涓?..

      at Object.<anonymous> (tests/setup.ts:73:11)

  console.log
    鉁?娴嬭瘯鏁版嵁搴撳凡娓呯悊

      at Object.<anonymous> (tests/setup.ts:77:11)

  console.log
    鉁?娴嬭瘯鐜娓呯悊瀹屾垚

      at Object.<anonymous> (tests/setup.ts:84:11)

PASS tests/refund.test.ts
  閫€娆?API 娴嬭瘯
    閫€娆剧敵璇峰姛鑳?      鈭?鍑嗗宸ヤ綔 - 鍒涘缓鐢ㄦ埛骞跺厖鍊?(167 ms)
      鈭?鍑嗗宸ヤ綔 - 鍒涘缓璁㈠崟骞舵敮浠?(98 ms)
      鈭?鍒涘缓閫€娆剧敵璇?- 鎴愬姛 (22 ms)
      鈭?鍒涘缓閫€娆剧敵璇?- 璁㈠崟涓嶅瓨鍦?(15 ms)
      鈭?鍒涘缓閫€娆剧敵璇?- 缂哄皯璁㈠崟ID (5 ms)
    閫€娆惧鐞嗗姛鑳?      鈭?澶勭悊閫€娆?- 鎴愬姛 (88 ms)
      鈭?澶勭悊閫€娆?- 閫€娆綢D涓嶅瓨鍦?(6 ms)
      鈭?澶勭悊閫€娆?- 閲嶅澶勭悊 (13 ms)
    閫€娆炬煡璇㈠姛鑳?      鈭?鏌ヨ閫€娆剧姸鎬?- 鎴愬姛 (5 ms)
      鈭?鏌ヨ閫€娆剧姸鎬?- 閫€娆惧崟鍙蜂笉瀛樺湪 (7 ms)
      鈭?鑾峰彇閫€娆捐鎯?- 鎴愬姛 (12 ms)
      鈭?鑾峰彇閫€娆捐鎯?- 閫€娆綢D涓嶅瓨鍦?(17 ms)
    閫€娆惧洖璋冨姛鑳斤紙棰勭暀锛?      鈭?寰俊閫€娆惧洖璋?- 棰勭暀鍔熻兘 (12 ms)
      鈭?鏀粯瀹濋€€娆惧洖璋?- 棰勭暀鍔熻兘 (7 ms)

Test Suites: 3 failed, 6 passed, 9 total
Tests:       38 failed, 154 passed, 192 total
Snapshots:   0 total
Time:        36.639 s
Ran all test suites.
Jest did not exit one second after the test run has completed.

'This usually means that there are asynchronous operations that weren't stopped in your tests. Consider running Jest with `--detectOpenHandles` to troub
leshoot this issue.
^C
